<html>
<body>
<pre>
<h1>µVision Build Log</h1>
<h2>Tool Versions:</h2>
IDE-Version: ¦ÌVision V5.21.1.0
Copyright (C) 2016 ARM Ltd and ARM Germany GmbH. All rights reserved.
License Information: W RobertWang, W, LIC=KRMUH-WXVSZ-62HLB-2WZYR-KPD13-80ZMV
 
Tool Versions:
Toolchain:       MDK-ARM Plus  Version: 5.21a
Toolchain Path:  D:\Keil_v5\ARM\ARMCC\Bin
C Compiler:      Armcc.exe V5.06 update 3 (build 300)
Assembler:       Armasm.exe V5.06 update 3 (build 300)
Linker/Locator:  ArmLink.exe V5.06 update 3 (build 300)
Library Manager: ArmAr.exe V5.06 update 3 (build 300)
Hex Converter:   FromElf.exe V5.06 update 3 (build 300)
CPU DLL:         SARMCM3.DLL V5.21a
Dialog DLL:      DARMSTM.DLL V1.66.0.1
Target DLL:      STLink\ST-LINKIII-KEIL_SWO.dll V2.0.18.0
Dialog DLL:      TARMSTM.DLL V1.65.0.0
 
<h2>Project:</h2>
E:\¿ÎÌâ\ÆøÈÜ½º¼ì²â³ÌÐò\USER\STMFLASH.uvprojx
Project File Date:  12/21/2017

<h2>Output:</h2>
*** Using Compiler 'V5.06 update 3 (build 300)', folder: 'D:\Keil_v5\ARM\ARMCC\Bin'
Rebuild target 'STMFLASH'
compiling main.c...
compiling system_stm32f10x.c...
compiling stm32f10x_it.c...
compiling led.c...
compiling key.c...
compiling lcd.c...
compiling adc.c...
compiling stmflash.c...
compiling dht11.c...
compiling spi.c...
compiling w25qxx.c...
compiling myiic.c...
compiling dac.c...
compiling text.c...
compiling drawpoint.c...
compiling show.c...
compiling touchkey.c...
compiling GaoYakongzhi.c...
compiling 24cxx.c...
compiling touch.c...
compiling myiicG.c...
compiling showrtad.c...
compiling set.c...
compiling delay.c...
compiling usart.c...
assembling startup_stm32f10x_hd.s...
compiling misc.c...
compiling sys.c...
compiling core_cm3.c...
compiling stm32f10x_fsmc.c...
compiling stm32f10x_gpio.c...
compiling stm32f10x_flash.c...
compiling stm32f10x_usart.c...
compiling stm32f10x_rcc.c...
compiling stm32f10x_adc.c...
compiling stm32f10x_dac.c...
compiling stm32f10x_spi.c...
linking...
Program Size: Code=46898 RO-data=6586 RW-data=116 ZI-data=16668  
FromELF: creating hex file...
"..\OBJ\STMFLASH.axf" - 0 Error(s), 0 Warning(s).

<h2>Collection of Component include folders:</h2>
  E:\¿ÎÌâ\ÆøÈÜ½º¼ì²â³ÌÐò\USER\RTE
  D:\Keil_v5\ARM\PACK\Keil\STM32F1xx_DFP\2.1.0\Device\Include

<h2>Collection of Component Files used:</h2>
Build Time Elapsed:  00:00:32
</pre>
</body>
</html>
