<html>
<body>
<pre>
<h1>µVision Build Log</h1>
<h2>Tool Versions:</h2>
IDE-Version: ¦ÌVision V5.14.0.0
Copyright (C) 2015 ARM Ltd and ARM Germany GmbH. All rights reserved.
License Information: 1 1, 11, LIC=IK1EV-P0JPB-RAUDM-X4P5M-KWDZF-002I9
 
Tool Versions:
Toolchain:       MDK-ARM Standard  Version: 5.14.0.0
Toolchain Path:  C:\Keil_v5\ARM\ARMCC\Bin
C Compiler:      Armcc.exe V5.05 update 1 (build 106)
Assembler:       Armasm.exe V5.05 update 1 (build 106)
Linker/Locator:  ArmLink.exe V5.05 update 1 (build 106)
Library Manager: ArmAr.exe V5.05 update 1 (build 106)
Hex Converter:   FromElf.exe V5.05 update 1 (build 106)
CPU DLL:         SARMCM3.DLL V5.14.0.0
Dialog DLL:      DARMSTM.DLL V1.65.0.0
Target DLL:      STLink\ST-LINKIII-KEIL_SWO.dll V2.0.14.0_KEIL
Dialog DLL:      TARMSTM.DLL V1.64.0.0
 
<h2>Project:</h2>
D:\¿ÎÌâ\ÆøÈÜ½º¼ì²â³ÌÐò\USER\STMFLASH.uvprojx
Project File Date:  01/25/2018

<h2>Output:</h2>
Rebuild target 'STMFLASH'
compiling main.c...
main.c(41): warning:  #177-D: variable "temperature" was declared but never referenced
        u8 temperature;             
main.c(42): warning:  #177-D: variable "humidity" was declared but never referenced
        u8 humidity; 
main.c: 2 warnings, 0 errors
compiling stm32f10x_it.c...
compiling system_stm32f10x.c...
compiling led.c...
compiling key.c...
compiling lcd.c...
compiling stmflash.c...
compiling adc.c...
compiling dht11.c...
compiling spi.c...
compiling w25qxx.c...
compiling text.c...
compiling dac.c...
compiling myiic.c...
compiling show.c...
compiling touchkey.c...
compiling drawpoint.c...
compiling 24cxx.c...
compiling GaoYakongzhi.c...
compiling touch.c...
compiling myiicG.c...
compiling set.c...
compiling showrtad.c...
compiling delay.c...
compiling sys.c...
compiling usart.c...
compiling core_cm3.c...
assembling startup_stm32f10x_hd.s...
compiling misc.c...
compiling stm32f10x_flash.c...
compiling stm32f10x_fsmc.c...
compiling stm32f10x_gpio.c...
compiling stm32f10x_usart.c...
compiling stm32f10x_rcc.c...
compiling stm32f10x_adc.c...
compiling stm32f10x_spi.c...
compiling stm32f10x_dac.c...
linking...
Program Size: Code=46114 RO-data=6586 RW-data=116 ZI-data=16668  
FromELF: creating hex file...
"..\OBJ\STMFLASH.axf" - 0 Error(s), 2 Warning(s).

<h2>Collection of Component include folders:</h2>
  D:\¿ÎÌâ\ÆøÈÜ½º¼ì²â³ÌÐò\USER\RTE
  C:\Keil_v5\ARM\PACK\Keil\STM32F1xx_DFP\1.0.5\Device\Include

<h2>Collection of Component Files used:</h2>
</pre>
</body>
</html>
