Component: ARM Compiler 5.05 update 1 (build 106) Tool: armlink [4d0efa]

==============================================================================

Section Cross References

    main.o(.text) refers to delay.o(.text) for delay_init
    main.o(.text) refers to misc.o(.text) for NVIC_PriorityGroupConfig
    main.o(.text) refers to usart.o(.text) for uart_init
    main.o(.text) refers to led.o(.text) for LED_Init
    main.o(.text) refers to lcd.o(.text) for LCD_Init
    main.o(.text) refers to adc.o(.text) for Adc_Init
    main.o(.text) refers to dac.o(.text) for Dac1_Init
    main.o(.text) refers to w25qxx.o(.text) for font_init
    main.o(.text) refers to show.o(.text) for SHOW_Init
    main.o(.text) refers to touchkey.o(.text) for TOUCH_key_v
    main.o(.text) refers to set.o(.text) for set
    main.o(.text) refers to stmflash.o(.text) for STMFLASH_Write
    main.o(.text) refers to drawpoint.o(.text) for drawxy
    main.o(.text) refers to stm32f10x_usart.o(.text) for USART_SendData
    main.o(.text) refers to fflt_clz.o(x$fpl$ffltu) for __aeabi_ui2f
    main.o(.text) refers to fmul.o(x$fpl$fmul) for __aeabi_fmul
    main.o(.text) refers to fdiv.o(x$fpl$fdiv) for __aeabi_fdiv
    main.o(.text) refers to text.o(.text) for Show_Str
    main.o(.text) refers to ffixu.o(x$fpl$ffixu) for __aeabi_f2uiz
    main.o(.text) refers to touch.o(.data) for tp_dev
    main.o(.text) refers to lcd.o(.bss) for lcddev
    main.o(.text) refers to main.o(.bss) for TEXT_Buffer
    system_stm32f10x.o(.text) refers to system_stm32f10x.o(.data) for SystemCoreClock
    led.o(.text) refers to stm32f10x_rcc.o(.text) for RCC_APB2PeriphClockCmd
    led.o(.text) refers to stm32f10x_gpio.o(.text) for GPIO_Init
    key.o(.text) refers to stm32f10x_rcc.o(.text) for RCC_APB2PeriphClockCmd
    key.o(.text) refers to stm32f10x_gpio.o(.text) for GPIO_Init
    key.o(.text) refers to delay.o(.text) for delay_ms
    key.o(.text) refers to key.o(.data) for key_up
    lcd.o(.text) refers to _printf_percent.o(.ARM.Collect$$_printf_percent$$00000000) for _printf_percent
    lcd.o(.text) refers to _printf_x.o(.ARM.Collect$$_printf_percent$$0000000C) for _printf_x
    lcd.o(.text) refers to _printf_hex_int.o(.text) for _printf_longlong_hex
    lcd.o(.text) refers to delay.o(.text) for delay_us
    lcd.o(.text) refers to lcd.o(.bss) for lcddev
    lcd.o(.text) refers to lcd.o(.data) for POINT_COLOR
    lcd.o(.text) refers to dflt_clz.o(x$fpl$dfltu) for __aeabi_ui2d
    lcd.o(.text) refers to dmul.o(x$fpl$dmul) for __aeabi_dmul
    lcd.o(.text) refers to dfixu.o(x$fpl$dfixu) for __aeabi_d2uiz
    lcd.o(.text) refers to stm32f10x_rcc.o(.text) for RCC_AHBPeriphClockCmd
    lcd.o(.text) refers to stm32f10x_gpio.o(.text) for GPIO_Init
    lcd.o(.text) refers to stm32f10x_fsmc.o(.text) for FSMC_NORSRAMInit
    lcd.o(.text) refers to noretval__2printf.o(.text) for __2printf
    lcd.o(.text) refers to lcd.o(.constdata) for asc2_1206
    stmflash.o(.text) refers to stm32f10x_flash.o(.text) for FLASH_ProgramHalfWord
    stmflash.o(.text) refers to stmflash.o(.bss) for STMFLASH_BUF
    adc.o(.text) refers to stm32f10x_rcc.o(.text) for RCC_APB2PeriphClockCmd
    adc.o(.text) refers to stm32f10x_gpio.o(.text) for GPIO_Init
    adc.o(.text) refers to stm32f10x_adc.o(.text) for ADC_DeInit
    adc.o(.text) refers to delay.o(.text) for delay_ms
    dht11.o(.text) refers to delay.o(.text) for delay_ms
    dht11.o(.text) refers to stm32f10x_rcc.o(.text) for RCC_APB2PeriphClockCmd
    dht11.o(.text) refers to stm32f10x_gpio.o(.text) for GPIO_Init
    spi.o(.text) refers to stm32f10x_spi.o(.text) for SPI_I2S_GetFlagStatus
    spi.o(.text) refers to stm32f10x_rcc.o(.text) for RCC_APB2PeriphClockCmd
    spi.o(.text) refers to stm32f10x_gpio.o(.text) for GPIO_Init
    w25qxx.o(.text) refers to _printf_percent.o(.ARM.Collect$$_printf_percent$$00000000) for _printf_percent
    w25qxx.o(.text) refers to _printf_x.o(.ARM.Collect$$_printf_percent$$0000000C) for _printf_x
    w25qxx.o(.text) refers to _printf_hex_int.o(.text) for _printf_longlong_hex
    w25qxx.o(.text) refers to spi.o(.text) for SPI2_ReadWriteByte
    w25qxx.o(.text) refers to stm32f10x_rcc.o(.text) for RCC_APB2PeriphClockCmd
    w25qxx.o(.text) refers to stm32f10x_gpio.o(.text) for GPIO_Init
    w25qxx.o(.text) refers to noretval__2printf.o(.text) for __2printf
    w25qxx.o(.text) refers to delay.o(.text) for delay_us
    w25qxx.o(.text) refers to w25qxx.o(.data) for W25QXX_TYPE
    w25qxx.o(.text) refers to w25qxx.o(.bss) for W25QXX_BUFFER
    w25qxx.o(.text) refers to text.o(.bss) for ftinfo
    text.o(.text) refers to w25qxx.o(.text) for W25QXX_Read
    text.o(.text) refers to lcd.o(.text) for LCD_Fast_DrawPoint
    text.o(.text) refers to strlen.o(.text) for strlen
    text.o(.text) refers to text.o(.bss) for ftinfo
    text.o(.text) refers to lcd.o(.data) for POINT_COLOR
    text.o(.text) refers to lcd.o(.bss) for lcddev
    dac.o(.text) refers to stm32f10x_rcc.o(.text) for RCC_APB2PeriphClockCmd
[...]
    .ARM.Collect$$libinit$$00000019          0x080001b0   Section        0  libinit2.o(.ARM.Collect$$libinit$$00000019)
    .ARM.Collect$$libinit$$0000001B          0x080001b0   Section        0  libinit2.o(.ARM.Collect$$libinit$$0000001B)
    .ARM.Collect$$libinit$$0000001D          0x080001b0   Section        0  libinit2.o(.ARM.Collect$$libinit$$0000001D)
    .ARM.Collect$$libinit$$0000001F          0x080001b0   Section        0  libinit2.o(.ARM.Collect$$libinit$$0000001F)
    .ARM.Collect$$libinit$$00000021          0x080001b0   Section        0  libinit2.o(.ARM.Collect$$libinit$$00000021)
    .ARM.Collect$$libinit$$00000023          0x080001b0   Section        0  libinit2.o(.ARM.Collect$$libinit$$00000023)
    .ARM.Collect$$libinit$$00000025          0x080001b0   Section        0  libinit2.o(.ARM.Collect$$libinit$$00000025)
    .ARM.Collect$$libinit$$0000002C          0x080001b0   Section        0  libinit2.o(.ARM.Collect$$libinit$$0000002C)
    .ARM.Collect$$libinit$$0000002E          0x080001b0   Section        0  libinit2.o(.ARM.Collect$$libinit$$0000002E)
    .ARM.Collect$$libinit$$00000030          0x080001b0   Section        0  libinit2.o(.ARM.Collect$$libinit$$00000030)
    .ARM.Collect$$libinit$$00000032          0x080001b0   Section        0  libinit2.o(.ARM.Collect$$libinit$$00000032)
    .ARM.Collect$$libinit$$00000033          0x080001b0   Section        2  libinit2.o(.ARM.Collect$$libinit$$00000033)
    .ARM.Collect$$libshutdown$$00000000      0x080001b2   Section        2  libshutdown.o(.ARM.Collect$$libshutdown$$00000000)
    .ARM.Collect$$libshutdown$$00000003      0x080001b4   Section        0  libshutdown2.o(.ARM.Collect$$libshutdown$$00000003)
    .ARM.Collect$$libshutdown$$00000006      0x080001b4   Section        0  libshutdown2.o(.ARM.Collect$$libshutdown$$00000006)
    .ARM.Collect$$libshutdown$$00000009      0x080001b4   Section        0  libshutdown2.o(.ARM.Collect$$libshutdown$$00000009)
    .ARM.Collect$$libshutdown$$0000000B      0x080001b4   Section        0  libshutdown2.o(.ARM.Collect$$libshutdown$$0000000B)
    .ARM.Collect$$libshutdown$$0000000E      0x080001b4   Section        0  libshutdown2.o(.ARM.Collect$$libshutdown$$0000000E)
    .ARM.Collect$$libshutdown$$0000000F      0x080001b4   Section        2  libshutdown2.o(.ARM.Collect$$libshutdown$$0000000F)
    .ARM.Collect$$rtentry$$00000000          0x080001b6   Section        0  __rtentry.o(.ARM.Collect$$rtentry$$00000000)
    .ARM.Collect$$rtentry$$00000002          0x080001b6   Section        0  __rtentry2.o(.ARM.Collect$$rtentry$$00000002)
    .ARM.Collect$$rtentry$$00000004          0x080001b6   Section        6  __rtentry4.o(.ARM.Collect$$rtentry$$00000004)
    .ARM.Collect$$rtentry$$00000009          0x080001bc   Section        0  __rtentry2.o(.ARM.Collect$$rtentry$$00000009)
    .ARM.Collect$$rtentry$$0000000A          0x080001bc   Section        4  __rtentry2.o(.ARM.Collect$$rtentry$$0000000A)
    .ARM.Collect$$rtentry$$0000000C          0x080001c0   Section        0  __rtentry2.o(.ARM.Collect$$rtentry$$0000000C)
    .ARM.Collect$$rtentry$$0000000D          0x080001c0   Section        8  __rtentry2.o(.ARM.Collect$$rtentry$$0000000D)
    .ARM.Collect$$rtexit$$00000000           0x080001c8   Section        2  rtexit.o(.ARM.Collect$$rtexit$$00000000)
    .ARM.Collect$$rtexit$$00000002           0x080001ca   Section        0  rtexit2.o(.ARM.Collect$$rtexit$$00000002)
    .ARM.Collect$$rtexit$$00000003           0x080001ca   Section        4  rtexit2.o(.ARM.Collect$$rtexit$$00000003)
    .ARM.Collect$$rtexit$$00000004           0x080001ce   Section        6  rtexit2.o(.ARM.Collect$$rtexit$$00000004)
    .text                                    0x080001d4   Section        0  main.o(.text)
    .text                                    0x08000574   Section        0  stm32f10x_it.o(.text)
    .text                                    0x08000590   Section        0  system_stm32f10x.o(.text)
    SetSysClockTo72                          0x08000591   Thumb Code   214  system_stm32f10x.o(.text)
    SetSysClock                              0x08000667   Thumb Code     8  system_stm32f10x.o(.text)
    .text                                    0x08000770   Section        0  led.o(.text)
    .text                                    0x080007bc   Section        0  lcd.o(.text)
    .text                                    0x08005214   Section        0  stmflash.o(.text)
    .text                                    0x08005358   Section        0  adc.o(.text)
    .text                                    0x08005440   Section        0  spi.o(.text)
    .text                                    0x08005548   Section        0  w25qxx.o(.text)
    .text                                    0x080058f4   Section        0  text.o(.text)
    .text                                    0x08005bc8   Section        0  dac.o(.text)
    .text                                    0x08005d20   Section        0  myiic.o(.text)
    .text                                    0x08005f8c   Section        0  show.o(.text)
    .text                                    0x08006258   Section        0  touchkey.o(.text)
    .text                                    0x080066b6   Section        0  drawpoint.o(.text)
    .text                                    0x08006700   Section        0  24cxx.o(.text)
    .text                                    0x0800687c   Section        0  gaoyakongzhi.o(.text)
    .text                                    0x08006c44   Section        0  touch.o(.text)
    .text                                    0x08007b60   Section        0  myiicg.o(.text)
    .text                                    0x08007dc0   Section        0  set.o(.text)
    .text                                    0x08007ef0   Section        0  showrtad.o(.text)
    .text                                    0x08008124   Section        0  delay.o(.text)
    .text                                    0x080081f8   Section        0  usart.o(.text)
    .text                                    0x08008338   Section       64  startup_stm32f10x_hd.o(.text)
    .text                                    0x08008378   Section        0  misc.o(.text)
    .text                                    0x08008454   Section        0  stm32f10x_flash.o(.text)
    .text                                    0x08008a10   Section        0  stm32f10x_fsmc.o(.text)
    .text                                    0x0800901c   Section        0  stm32f10x_gpio.o(.text)
    .text                                    0x08009378   Section        0  stm32f10x_usart.o(.text)
    .text                                    0x08009780   Section        0  stm32f10x_rcc.o(.text)
    .text                                    0x08009b24   Section        0  stm32f10x_adc.o(.text)
    .text                                    0x08009f74   Section        0  stm32f10x_spi.o(.text)
    .text                                    0x0800a280   Section        0  stm32f10x_dac.o(.text)
    .text                                    0x0800a40c   Section        2  use_no_semi_2.o(.text)
    .text                                    0x0800a410   Section        0  noretval__2printf.o(.text)
    .text                                    0x0800a428   Section        0  __printf.o(.text)
    .text                                    0x0800a490   Section        0  _printf_hex_int.o(.text)
    .text                                    0x0800a4e8   Section        0  strlen.o(.text)
    .text                                    0x0800a526   Section        0  heapauxi.o(.text)
    .text                                    0x0800a52c   Section        2  use_no_semi.o(.text)
    .text                                    0x0800a52e   Section        0  _rserrno.o(.text)
    .text                                    0x0800a544   Section        0  _printf_intcommon.o(.text)
    .text                                    0x0800a5f8   Section        0  _printf_char_file.o(.text)
    .text                                    0x0800a61c   Section        8  rt_errno_addr_intlibspace.o(.text)
    .text                                    0x0800a624   Section        0  _printf_char_common.o(.text)
    _printf_input_char                       0x0800a625   Thumb Code    10  _printf_char_common.o(.text)
    .text                                    0x0800a654   Section        0  ferror.o(.text)
    .text                                    0x0800a65c   Section        8  libspace.o(.text)
    .text                                    0x0800a664   Section       74  sys_stackheap_outer.o(.text)
    .text                                    0x0800a6ae   Section        0  exit.o(.text)
    i.sqrt                                   0x0800a6ba   Section        0  sqrt.o(i.sqrt)
    x$fpl$d2f                                0x0800a708   Section       98  d2f.o(x$fpl$d2f)
    x$fpl$dcmpinf                            0x0800a76a   Section       24  dcmpi.o(x$fpl$dcmpinf)
    x$fpl$ddiv                               0x0800a784   Section      688  ddiv.o(x$fpl$ddiv)
    ddiv_entry                               0x0800a78b   Thumb Code     0  ddiv.o(x$fpl$ddiv)
    x$fpl$dfixu                              0x0800aa34   Section       90  dfixu.o(x$fpl$dfixu)
    x$fpl$dfltu                              0x0800aa8e   Section       38  dflt_clz.o(x$fpl$dfltu)
    x$fpl$dleqf                              0x0800aab4   Section      120  dleqf.o(x$fpl$dleqf)
    x$fpl$dmul                               0x0800ab2c   Section      340  dmul.o(x$fpl$dmul)
    x$fpl$dnaninf                            0x0800ac80   Section      156  dnaninf.o(x$fpl$dnaninf)
    x$fpl$dretinf                            0x0800ad1c   Section       12  dretinf.o(x$fpl$dretinf)
    x$fpl$drleqf                             0x0800ad28   Section      108  drleqf.o(x$fpl$drleqf)
    x$fpl$dsqrt                              0x0800ad94   Section      460  dsqrt_noumaal.o(x$fpl$dsqrt)
    x$fpl$f2d                                0x0800af60   Section       86  f2d.o(x$fpl$f2d)
    x$fpl$fadd                               0x0800afb8   Section      196  faddsub_clz.o(x$fpl$fadd)
    _fadd1                                   0x0800afc7   Thumb Code     0  faddsub_clz.o(x$fpl$fadd)
    x$fpl$fdiv                               0x0800b07c   Section      388  fdiv.o(x$fpl$fdiv)
    _fdiv1                                   0x0800b07d   Thumb Code     0  fdiv.o(x$fpl$fdiv)
    x$fpl$ffix                               0x0800b200   Section       54  ffix.o(x$fpl$ffix)
    x$fpl$ffixu                              0x0800b238   Section       62  ffixu.o(x$fpl$ffixu)
    x$fpl$fflt                               0x0800b278   Section       48  fflt_clz.o(x$fpl$fflt)
    x$fpl$ffltu                              0x0800b2a8   Section       38  fflt_clz.o(x$fpl$ffltu)
    x$fpl$fmul                               0x0800b2d0   Section      258  fmul.o(x$fpl$fmul)
    x$fpl$fnaninf                            0x0800b3d2   Section      140  fnaninf.o(x$fpl$fnaninf)
    x$fpl$fretinf                            0x0800b45e   Section       10  fretinf.o(x$fpl$fretinf)
    x$fpl$fsub                               0x0800b468   Section      234  faddsub_clz.o(x$fpl$fsub)
    _fsub1                                   0x0800b477   Thumb Code     0  faddsub_clz.o(x$fpl$fsub)
    .constdata                               0x0800b552   Section     6080  lcd.o(.constdata)
    x$fpl$usenofp                            0x0800b552   Section        0  usenofp.o(x$fpl$usenofp)
    .constdata                               0x0800cd14   Section        4  touch.o(.constdata)
    .constdata                               0x0800cd18   Section       40  _printf_hex_int.o(.constdata)
    uc_hextab                                0x0800cd18   Data          20  _printf_hex_int.o(.constdata)
    lc_hextab                                0x0800cd2c   Data          20  _printf_hex_int.o(.constdata)
    .conststring                             0x0800cd40   Section      121  touch.o(.conststring)
    .data                                    0x20000000   Section       20  system_stm32f10x.o(.data)
    .data                                    0x20000014   Section        4  lcd.o(.data)
    .data                                    0x20000018   Section        2  w25qxx.o(.data)
    .data                                    0x2000001c   Section       54  touch.o(.data)
    .data                                    0x20000052   Section        4  delay.o(.data)
    fac_us                                   0x20000052   Data           1  delay.o(.data)
    fac_ms                                   0x20000054   Data           2  delay.o(.data)
    .data                                    0x20000058   Section        6  usart.o(.data)
    .data                                    0x2000005e   Section       20  stm32f10x_rcc.o(.data)
    APBAHBPrescTable                         0x2000005e   Data          16  stm32f10x_rcc.o(.data)
    ADCPrescTable                            0x2000006e   Data           4  stm32f10x_rcc.o(.data)
    .bss                                     0x20000074   Section     8640  main.o(.bss)
    .bss                                     0x20002234   Section       14  lcd.o(.bss)
    .bss                                     0x20002242   Section     2048  stmflash.o(.bss)
    .bss                                     0x20002a42   Section     4096  w25qxx.o(.bss)
    .bss                                     0x20003a42   Section       33  text.o(.bss)
    .bss                                     0x20003a63   Section      200  usart.o(.bss)
    .bss                                     0x20003b2c   Section       96  libspace.o(.bss)
    HEAP                                     0x20003b90   Section      512  startup_stm32f10x_hd.o(HEAP)
    Heap_Mem                                 0x20003b90   Data         512  startup_stm32f10x_hd.o(HEAP)
    STACK                                    0x20003d90   Section     1024  startup_stm32f10x_hd.o(STACK)
    Stack_Mem                                0x20003d90   Data        1024  startup_stm32f10x_hd.o(STACK)
    __initial_sp                             0x20004190   Data           0  startup_stm32f10x_hd.o(STACK)

    Global Symbols

    Symbol Name                              Value     Ov Type        Size  Object(Section)

    BuildAttributes$$THM_ISAv4$P$D$K$B$S$PE$A:L22UL41UL21$X:L11$S22US41US21$IEEE1$IW$USESV6$~STKCKD$USESV7$~SHL$OTIME$ROPI$IEEEJ$EBA8$UX$STANDARDLIB$REQ8$PRES8$EABIv2 0x00000000   Number         0  anon$$obj.o ABSOLUTE
    __ARM_use_no_argv                        0x00000000   Number         0  main.o ABSOLUTE
    __ARM_exceptions_init                     - Undefined Weak Reference
    __alloca_initialize                       - Undefined Weak Reference
    __arm_preinit_                            - Undefined Weak Reference
    __cpp_initialize__aeabi_                  - Undefined Weak Reference
    __cxa_finalize                            - Undefined Weak Reference
    __rt_locale                               - Undefined Weak Reference
    __sigvec_lookup                           - Undefined Weak Reference
    _atexit_init                              - Undefined Weak Reference
    _call_atexit_fns                          - Undefined Weak Reference
    _clock_init                               - Undefined Weak Reference
    _fp_trap_init                             - Undefined Weak Reference
    _fp_trap_shutdown                         - Undefined Weak Reference
    _get_lc_collate                           - Undefined Weak Reference
    _get_lc_ctype                             - Undefined Weak Reference
    _get_lc_monetary                          - Undefined Weak Reference
    _get_lc_numeric                           - Undefined Weak Reference
    _get_lc_time                              - Undefined Weak Reference
    _getenv_init                              - Undefined Weak Reference
    _handle_redirection                       - Undefined Weak Reference
    _init_alloc                               - Undefined Weak Reference
    _init_user_alloc                          - Undefined Weak Reference
    _initio                                   - Undefined Weak Reference
    _mutex_acquire                            - Undefined Weak Reference
    _mutex_release                            - Undefined Weak Reference
    _printf_post_padding                      - Undefined Weak Reference
    _printf_pre_padding                       - Undefined Weak Reference
    _printf_truncate_unsigned                 - Undefined Weak Reference
    _rand_init                                - Undefined Weak Reference
    _signal_finish                            - Undefined Weak Reference
    _signal_init                              - Undefined Weak Reference
    _terminate_alloc                          - Undefined Weak Reference
    _terminate_user_alloc                     - Undefined Weak Reference
    _terminateio                              - Undefined Weak Reference
    __Vectors_Size                           0x00000130   Number         0  startup_stm32f10x_hd.o ABSOLUTE
    __Vectors                                0x08000000   Data           4  startup_stm32f10x_hd.o(RESET)
    __Vectors_End                            0x08000130   Data           0  startup_stm32f10x_hd.o(RESET)
    __main                                   0x08000131   Thumb Code     8  __main.o(!!!main)
    __scatterload                            0x08000139   Thumb Code     0  __scatter.o(!!!scatter)
    __scatterload_rt2                        0x08000139   Thumb Code    44  __scatter.o(!!!scatter)
    __scatterload_rt2_thumb_only             0x08000139   Thumb Code     0  __scatter.o(!!!scatter)
    __scatterload_null                       0x08000147   Thumb Code     0  __scatter.o(!!!scatter)
    __scatterload_copy                       0x0800016d   Thumb Code    26  __scatter_copy.o(!!handler_copy)
    __scatterload_zeroinit                   0x08000189   Thumb Code    28  __scatter_zi.o(!!handler_zi)
    _printf_percent                          0x080001a5   Thumb Code     0  _printf_percent.o(.ARM.Collect$$_printf_percent$$00000000)
    _printf_x                                0x080001a5   Thumb Code     0  _printf_x.o(.ARM.Collect$$_printf_percent$$0000000C)
    _printf_percent_end                      0x080001ab   Thumb Code     0  _printf_percent_end.o(.ARM.Collect$$_printf_percent$$00000017)
    __rt_lib_init                            0x080001af   Thumb Code     0  libinit.o(.ARM.Collect$$libinit$$00000000)
    __rt_lib_init_alloca_1                   0x080001b1   Thumb Code     0  libinit2.o(.ARM.Collect$$libinit$$0000002E)
    __rt_lib_init_argv_1                     0x080001b1   Thumb Code     0  libinit2.o(.ARM.Collect$$libinit$$0000002C)
    __rt_lib_init_atexit_1                   0x080001b1   Thumb Code     0  libinit2.o(.ARM.Collect$$libinit$$0000001B)
    __rt_lib_init_clock_1                    0x080001b1   Thumb Code     0  libinit2.o(.ARM.Collect$$libinit$$00000021)
    __rt_lib_init_cpp_1                      0x080001b1   Thumb Code     0  libinit2.o(.ARM.Collect$$libinit$$00000032)
    __rt_lib_init_exceptions_1               0x080001b1   Thumb Code     0  libinit2.o(.ARM.Collect$$libinit$$00000030)
    __rt_lib_init_fp_1                       0x080001b1   Thumb Code     0  libinit2.o(.ARM.Collect$$libinit$$00000002)
    __rt_lib_init_fp_trap_1                  0x080001b1   Thumb Code     0  libinit2.o(.ARM.Collect$$libinit$$0000001F)
    __rt_lib_init_getenv_1                   0x080001b1   Thumb Code     0  libinit2.o(.ARM.Collect$$libinit$$00000023)
    __rt_lib_init_heap_1                     0x080001b1   Thumb Code     0  libinit2.o(.ARM.Collect$$libinit$$0000000A)
    __rt_lib_init_lc_collate_1               0x080001b1   Thumb Code     0  libinit2.o(.ARM.Collect$$libinit$$00000011)
    __rt_lib_init_lc_ctype_1                 0x080001b1   Thumb Code     0  libinit2.o(.ARM.Collect$$libinit$$00000013)
    __rt_lib_init_lc_monetary_1              0x080001b1   Thumb Code     0  libinit2.o(.ARM.Collect$$libinit$$00000015)
    __rt_lib_init_lc_numeric_1               0x080001b1   Thumb Code     0  libinit2.o(.ARM.Collect$$libinit$$00000017)
    __rt_lib_init_lc_time_1                  0x080001b1   Thumb Code     0  libinit2.o(.ARM.Collect$$libinit$$00000019)
    __rt_lib_init_preinit_1                  0x080001b1   Thumb Code     0  libinit2.o(.ARM.Collect$$libinit$$00000004)
    __rt_lib_init_rand_1                     0x080001b1   Thumb Code     0  libinit2.o(.ARM.Collect$$libinit$$0000000E)
    __rt_lib_init_return                     0x080001b1   Thumb Code     0  libinit2.o(.ARM.Collect$$libinit$$00000033)
    __rt_lib_init_signal_1                   0x080001b1   Thumb Code     0  libinit2.o(.ARM.Collect$$libinit$$0000001D)
    __rt_lib_init_stdio_1                    0x080001b1   Thumb Code     0  libinit2.o(.ARM.Collect$$libinit$$00000025)
    __rt_lib_init_user_alloc_1               0x080001b1   Thumb Code     0  libinit2.o(.ARM.Collect$$libinit$$0000000C)
    __rt_lib_shutdown                        0x080001b3   Thumb Code     0  libshutdown.o(.ARM.Collect$$libshutdown$$00000000)
    __rt_lib_shutdown_fp_trap_1              0x080001b5   Thumb Code     0  libshutdown2.o(.ARM.Collect$$libshutdown$$00000006)
    __rt_lib_shutdown_heap_1                 0x080001b5   Thumb Code     0  libshutdown2.o(.ARM.Collect$$libshutdown$$0000000E)
    __rt_lib_shutdown_return                 0x080001b5   Thumb Code     0  libshutdown2.o(.ARM.Collect$$libshutdown$$0000000F)
    __rt_lib_shutdown_signal_1               0x080001b5   Thumb Code     0  libshutdown2.o(.ARM.Collect$$libshutdown$$00000009)
    __rt_lib_shutdown_stdio_1                0x080001b5   Thumb Code     0  libshutdown2.o(.ARM.Collect$$libshutdown$$00000003)
    __rt_lib_shutdown_user_alloc_1           0x080001b5   Thumb Code     0  libshutdown2.o(.ARM.Collect$$libshutdown$$0000000B)
    __rt_entry                               0x080001b7   Thumb Code     0  __rtentry.o(.ARM.Collect$$rtentry$$00000000)
    __rt_entry_presh_1                       0x080001b7   Thumb Code     0  __rtentry2.o(.ARM.Collect$$rtentry$$00000002)
    __rt_entry_sh                            0x080001b7   Thumb Code     0  __rtentry4.o(.ARM.Collect$$rtentry$$00000004)
    __rt_entry_li                            0x080001bd   Thumb Code     0  __rtentry2.o(.ARM.Collect$$rtentry$$0000000A)
    __rt_entry_postsh_1                      0x080001bd   Thumb Code     0  __rtentry2.o(.ARM.Collect$$rtentry$$00000009)
    __rt_entry_main                          0x080001c1   Thumb Code     0  __rtentry2.o(.ARM.Collect$$rtentry$$0000000D)
    __rt_entry_postli_1                      0x080001c1   Thumb Code     0  __rtentry2.o(.ARM.Collect$$rtentry$$0000000C)
    __rt_exit                                0x080001c9   Thumb Code     0  rtexit.o(.ARM.Collect$$rtexit$$00000000)
    __rt_exit_ls                             0x080001cb   Thumb Code     0  rtexit2.o(.ARM.Collect$$rtexit$$00000003)
    __rt_exit_prels_1                        0x080001cb   Thumb Code     0  rtexit2.o(.ARM.Collect$$rtexit$$00000002)
    __rt_exit_exit                           0x080001cf   Thumb Code     0  rtexit2.o(.ARM.Collect$$rtexit$$00000004)
    main                                     0x080001d5   Thumb Code   766  main.o(.text)
    NMI_Handler                              0x08000575   Thumb Code     2  stm32f10x_it.o(.text)
    HardFault_Handler                        0x08000577   Thumb Code     4  stm32f10x_it.o(.text)
    MemManage_Handler                        0x0800057b   Thumb Code     4  stm32f10x_it.o(.text)
    BusFault_Handler                         0x0800057f   Thumb Code     4  stm32f10x_it.o(.text)
    UsageFault_Handler                       0x08000583   Thumb Code     4  stm32f10x_it.o(.text)
    SVC_Handler                              0x08000587   Thumb Code     2  stm32f10x_it.o(.text)
    DebugMon_Handler                         0x08000589   Thumb Code     2  stm32f10x_it.o(.text)
    PendSV_Handler                           0x0800058b   Thumb Code     2  stm32f10x_it.o(.text)
    SysTick_Handler                          0x0800058d   Thumb Code     2  stm32f10x_it.o(.text)
    SystemInit                               0x0800066f   Thumb Code    78  system_stm32f10x.o(.text)
    SystemCoreClockUpdate                    0x080006bd   Thumb Code   142  system_stm32f10x.o(.text)
    LED_Init                                 0x08000771   Thumb Code    68  led.o(.text)
    LCD_WR_REG                               0x080007bd   Thumb Code     6  lcd.o(.text)
    LCD_WR_DATA                              0x080007c3   Thumb Code     8  lcd.o(.text)
    LCD_RD_DATA                              0x080007cb   Thumb Code    16  lcd.o(.text)
    LCD_WriteReg                             0x080007db   Thumb Code    10  lcd.o(.text)
    LCD_ReadReg                              0x080007e5   Thumb Code    22  lcd.o(.text)
    LCD_WriteRAM_Prepare                     0x080007fb   Thumb Code    10  lcd.o(.text)
    LCD_WriteRAM                             0x08000805   Thumb Code     8  lcd.o(.text)
    LCD_BGR2RGB                              0x0800080d   Thumb Code    26  lcd.o(.text)
    opt_delay                                0x08000827   Thumb Code    14  lcd.o(.text)
    LCD_SetCursor                            0x08000835   Thumb Code   418  lcd.o(.text)
    LCD_ReadPoint                            0x080009d7   Thumb Code   360  lcd.o(.text)
    LCD_DisplayOn                            0x08000b3f   Thumb Code   102  lcd.o(.text)
    LCD_DisplayOff                           0x08000ba5   Thumb Code    90  lcd.o(.text)
    LCD_Scan_Dir                             0x08000bff   Thumb Code   744  lcd.o(.text)
    LCD_DrawPoint                            0x08000ee7   Thumb Code    28  lcd.o(.text)
    LCD_Fast_DrawPoint                       0x08000f03   Thumb Code   384  lcd.o(.text)
    LCD_SSD_BackLightSet                     0x08001083   Thumb Code    80  lcd.o(.text)
    LCD_Display_Dir                          0x080010d3   Thumb Code   444  lcd.o(.text)
    LCD_Set_Window                           0x0800128f   Thumb Code   540  lcd.o(.text)
    LCD_Clear                                0x080014ab   Thumb Code   100  lcd.o(.text)
    LCD_Init                                 0x0800150f   Thumb Code 14184  lcd.o(.text)
    LCD_Fill                                 0x08004c77   Thumb Code   178  lcd.o(.text)
    LCD_Color_Fill                           0x08004d29   Thumb Code   106  lcd.o(.text)
    LCD_DrawLine                             0x08004d93   Thumb Code   176  lcd.o(.text)
    LCD_DrawRectangle                        0x08004e43   Thumb Code    60  lcd.o(.text)
    LCD_Draw_Circle                          0x08004e7f   Thumb Code   152  lcd.o(.text)
    LCD_ShowChar                             0x08004f17   Thumb Code   272  lcd.o(.text)
    LCD_Pow                                  0x08005027   Thumb Code    22  lcd.o(.text)
    LCD_ShowNum                              0x0800503d   Thumb Code   148  lcd.o(.text)
    LCD_ShowxNum                             0x080050d1   Thumb Code   220  lcd.o(.text)
    LCD_ShowString                           0x080051ad   Thumb Code   102  lcd.o(.text)
    STMFLASH_ReadHalfWord                    0x08005215   Thumb Code     6  stmflash.o(.text)
    STMFLASH_Write_NoCheck                   0x0800521b   Thumb Code    38  stmflash.o(.text)
    STMFLASH_Read                            0x08005241   Thumb Code    34  stmflash.o(.text)
    STMFLASH_Write                           0x08005263   Thumb Code   222  stmflash.o(.text)
    Test_Write                               0x08005341   Thumb Code    16  stmflash.o(.text)
    Adc_Init                                 0x08005359   Thumb Code   132  adc.o(.text)
    Get_Adc                                  0x080053dd   Thumb Code    46  adc.o(.text)
    Get_Adc_Average                          0x0800540b   Thumb Code    46  adc.o(.text)
    SPI2_ReadWriteByte                       0x08005441   Thumb Code    78  spi.o(.text)
    SPI2_Init                                0x0800548f   Thumb Code   140  spi.o(.text)
    SPI2_SetSpeed                            0x0800551b   Thumb Code    36  spi.o(.text)
    W25QXX_ReadID                            0x08005549   Thumb Code    64  w25qxx.o(.text)
    W25QXX_Init                              0x08005589   Thumb Code    74  w25qxx.o(.text)
    W25QXX_ReadSR                            0x080055d3   Thumb Code    36  w25qxx.o(.text)
    W25QXX_Write_SR                          0x080055f7   Thumb Code    32  w25qxx.o(.text)
    W25QXX_Write_Enable                      0x08005617   Thumb Code    24  w25qxx.o(.text)
    W25QXX_Write_Disable                     0x0800562f   Thumb Code    24  w25qxx.o(.text)
    W25QXX_Read                              0x08005647   Thumb Code    74  w25qxx.o(.text)
    W25QXX_Wait_Busy                         0x08005691   Thumb Code    18  w25qxx.o(.text)
    W25QXX_Write_Page                        0x080056a3   Thumb Code    80  w25qxx.o(.text)
    W25QXX_Write_NoCheck                     0x080056f3   Thumb Code    70  w25qxx.o(.text)
    W25QXX_Erase_Sector                      0x08005739   Thumb Code    70  w25qxx.o(.text)
    W25QXX_Write                             0x0800577f   Thumb Code   180  w25qxx.o(.text)
    W25QXX_Erase_Chip                        0x08005833   Thumb Code    36  w25qxx.o(.text)
    W25QXX_PowerDown                         0x08005857   Thumb Code    30  w25qxx.o(.text)
    W25QXX_WAKEUP                            0x08005875   Thumb Code    30  w25qxx.o(.text)
    font_init                                0x08005893   Thumb Code    64  w25qxx.o(.text)
    Get_HzMat                                0x080058f5   Thumb Code   220  text.o(.text)
    Show_Font                                0x080059d1   Thumb Code   190  text.o(.text)
    Show_Str                                 0x08005a8f   Thumb Code   192  text.o(.text)
    Show_Str_Mid                             0x08005b4f   Thumb Code   106  text.o(.text)
    Dac1_Init                                0x08005bc9   Thumb Code    94  dac.o(.text)
    Dac1_Set_Vol                             0x08005c27   Thumb Code   238  dac.o(.text)
    IIC_Init                                 0x08005d21   Thumb Code    46  myiic.o(.text)
    IIC_Start                                0x08005d4f   Thumb Code    64  myiic.o(.text)
    IIC_Stop                                 0x08005d8f   Thumb Code    66  myiic.o(.text)
    IIC_Wait_Ack                             0x08005dd1   Thumb Code    86  myiic.o(.text)
    IIC_Ack                                  0x08005e27   Thumb Code    70  myiic.o(.text)
    IIC_NAck                                 0x08005e6d   Thumb Code    70  myiic.o(.text)
    IIC_Send_Byte                            0x08005eb3   Thumb Code   104  myiic.o(.text)
    IIC_Read_Byte                            0x08005f1b   Thumb Code   100  myiic.o(.text)
    SHOW_Init                                0x08005f8d   Thumb Code   530  show.o(.text)
    TOUCH_key_v                              0x08006259   Thumb Code  1118  touchkey.o(.text)
    drawxy                                   0x080066b7   Thumb Code    74  drawpoint.o(.text)
    AT24CXX_Init                             0x08006701   Thumb Code     8  24cxx.o(.text)
    AT24CXX_ReadOneByte                      0x08006709   Thumb Code    88  24cxx.o(.text)
    AT24CXX_WriteOneByte                     0x08006761   Thumb Code    80  24cxx.o(.text)
    AT24CXX_WriteLenByte                     0x080067b1   Thumb Code    42  24cxx.o(.text)
    AT24CXX_ReadLenByte                      0x080067db   Thumb Code    44  24cxx.o(.text)
    AT24CXX_Check                            0x08006807   Thumb Code    46  24cxx.o(.text)
    AT24CXX_Read                             0x08006835   Thumb Code    34  24cxx.o(.text)
    AT24CXX_Write                            0x08006857   Thumb Code    36  24cxx.o(.text)
    gaoyakongzhi                             0x0800687d   Thumb Code   846  gaoyakongzhi.o(.text)
    TP_Write_Byte                            0x08006c45   Thumb Code    64  touch.o(.text)
    TP_Read_AD                               0x08006c85   Thumb Code   136  touch.o(.text)
    TP_Read_XOY                              0x08006d0d   Thumb Code   120  touch.o(.text)
    TP_Read_XY                               0x08006d85   Thumb Code    38  touch.o(.text)
    TP_Read_XY2                              0x08006dab   Thumb Code   192  touch.o(.text)
    TP_Drow_Touch_Point                      0x08006e6b   Thumb Code   108  touch.o(.text)
    TP_Draw_Big_Point                        0x08006ed7   Thumb Code    54  touch.o(.text)
    TP_Scan                                  0x08006f0d   Thumb Code   264  touch.o(.text)
    TP_Save_Adjdata                          0x08007015   Thumb Code    24  touch.o(.text)
    TP_Get_Adjdata                           0x0800702d   Thumb Code   104  touch.o(.text)
    TP_Adj_Info_Show                         0x08007095   Thumb Code   374  touch.o(.text)
    TP_Adjust                                0x0800720b   Thumb Code  2128  touch.o(.text)
    TP_Init                                  0x08007a5b   Thumb Code   188  touch.o(.text)
    IIC_InitG                                0x08007b61   Thumb Code    46  myiicg.o(.text)
    IIC_StartG                               0x08007b8f   Thumb Code    64  myiicg.o(.text)
    IIC_StopG                                0x08007bcf   Thumb Code    66  myiicg.o(.text)
    IIC_Wait_AckG                            0x08007c11   Thumb Code    86  myiicg.o(.text)
    IIC_AckG                                 0x08007c67   Thumb Code    70  myiicg.o(.text)
    IIC_NAckG                                0x08007cad   Thumb Code    70  myiicg.o(.text)
    IIC_Send_ByteG                           0x08007cf3   Thumb Code    92  myiicg.o(.text)
    IIC_Read_ByteG                           0x08007d4f   Thumb Code   100  myiicg.o(.text)
    set                                      0x08007dc1   Thumb Code   230  set.o(.text)
    showrtadinit                             0x08007ef1   Thumb Code   174  showrtad.o(.text)
    showrtad                                 0x08007f9f   Thumb Code   310  showrtad.o(.text)
    delay_init                               0x08008125   Thumb Code    50  delay.o(.text)
    delay_us                                 0x08008157   Thumb Code    72  delay.o(.text)
    delay_ms                                 0x0800819f   Thumb Code    72  delay.o(.text)
    _sys_exit                                0x080081f9   Thumb Code     6  usart.o(.text)
    fputc                                    0x080081ff   Thumb Code    24  usart.o(.text)
    uart_init                                0x08008217   Thumb Code   152  usart.o(.text)
    USART1_IRQHandler                        0x080082af   Thumb Code   122  usart.o(.text)
    Reset_Handler                            0x08008339   Thumb Code     8  startup_stm32f10x_hd.o(.text)
    ADC1_2_IRQHandler                        0x08008353   Thumb Code     0  startup_stm32f10x_hd.o(.text)
    ADC3_IRQHandler                          0x08008353   Thumb Code     0  startup_stm32f10x_hd.o(.text)
    CAN1_RX1_IRQHandler                      0x08008353   Thumb Code     0  startup_stm32f10x_hd.o(.text)
    CAN1_SCE_IRQHandler                      0x08008353   Thumb Code     0  startup_stm32f10x_hd.o(.text)
    DMA1_Channel1_IRQHandler                 0x08008353   Thumb Code     0  startup_stm32f10x_hd.o(.text)
    DMA1_Channel2_IRQHandler                 0x08008353   Thumb Code     0  startup_stm32f10x_hd.o(.text)
    DMA1_Channel3_IRQHandler                 0x08008353   Thumb Code     0  startup_stm32f10x_hd.o(.text)
    DMA1_Channel4_IRQHandler                 0x08008353   Thumb Code     0  startup_stm32f10x_hd.o(.text)
    DMA1_Channel5_IRQHandler                 0x08008353   Thumb Code     0  startup_stm32f10x_hd.o(.text)
    DMA1_Channel6_IRQHandler                 0x08008353   Thumb Code     0  startup_stm32f10x_hd.o(.text)
    DMA1_Channel7_IRQHandler                 0x08008353   Thumb Code     0  startup_stm32f10x_hd.o(.text)
    DMA2_Channel1_IRQHandler                 0x08008353   Thumb Code     0  startup_stm32f10x_hd.o(.text)
    DMA2_Channel2_IRQHandler                 0x08008353   Thumb Code     0  startup_stm32f10x_hd.o(.text)
    DMA2_Channel3_IRQHandler                 0x08008353   Thumb Code     0  startup_stm32f10x_hd.o(.text)
    DMA2_Channel4_5_IRQHandler               0x08008353   Thumb Code     0  startup_stm32f10x_hd.o(.text)
    EXTI0_IRQHandler                         0x08008353   Thumb Code     0  startup_stm32f10x_hd.o(.text)
    EXTI15_10_IRQHandler                     0x08008353   Thumb Code     0  startup_stm32f10x_hd.o(.text)
    EXTI1_IRQHandler                         0x08008353   Thumb Code     0  startup_stm32f10x_hd.o(.text)
    EXTI2_IRQHandler                         0x08008353   Thumb Code     0  startup_stm32f10x_hd.o(.text)
    EXTI3_IRQHandler                         0x08008353   Thumb Code     0  startup_stm32f10x_hd.o(.text)
    EXTI4_IRQHandler                         0x08008353   Thumb Code     0  startup_stm32f10x_hd.o(.text)
    EXTI9_5_IRQHandler                       0x08008353   Thumb Code     0  startup_stm32f10x_hd.o(.text)
    FLASH_IRQHandler                         0x08008353   Thumb Code     0  startup_stm32f10x_hd.o(.text)
    FSMC_IRQHandler                          0x08008353   Thumb Code     0  startup_stm32f10x_hd.o(.text)
    I2C1_ER_IRQHandler                       0x08008353   Thumb Code     0  startup_stm32f10x_hd.o(.text)
    I2C1_EV_IRQHandler                       0x08008353   Thumb Code     0  startup_stm32f10x_hd.o(.text)
    I2C2_ER_IRQHandler                       0x08008353   Thumb Code     0  startup_stm32f10x_hd.o(.text)
    I2C2_EV_IRQHandler                       0x08008353   Thumb Code     0  startup_stm32f10x_hd.o(.text)
    PVD_IRQHandler                           0x08008353   Thumb Code     0  startup_stm32f10x_hd.o(.text)
    RCC_IRQHandler                           0x08008353   Thumb Code     0  startup_stm32f10x_hd.o(.text)
    RTCAlarm_IRQHandler                      0x08008353   Thumb Code     0  startup_stm32f10x_hd.o(.text)
    RTC_IRQHandler                           0x08008353   Thumb Code     0  startup_stm32f10x_hd.o(.text)
    SDIO_IRQHandler                          0x08008353   Thumb Code     0  startup_stm32f10x_hd.o(.text)
    SPI1_IRQHandler                          0x08008353   Thumb Code     0  startup_stm32f10x_hd.o(.text)
    SPI2_IRQHandler                          0x08008353   Thumb Code     0  startup_stm32f10x_hd.o(.text)
    SPI3_IRQHandler                          0x08008353   Thumb Code     0  startup_stm32f10x_hd.o(.text)
    TAMPER_IRQHandler                        0x08008353   Thumb Code     0  startup_stm32f10x_hd.o(.text)
    TIM1_BRK_IRQHandler                      0x08008353   Thumb Code     0  startup_stm32f10x_hd.o(.text)
    TIM1_CC_IRQHandler                       0x08008353   Thumb Code     0  startup_stm32f10x_hd.o(.text)
    TIM1_TRG_COM_IRQHandler                  0x08008353   Thumb Code     0  startup_stm32f10x_hd.o(.text)
    TIM1_UP_IRQHandler                       0x08008353   Thumb Code     0  startup_stm32f10x_hd.o(.text)
    TIM2_IRQHandler                          0x08008353   Thumb Code     0  startup_stm32f10x_hd.o(.text)
    TIM3_IRQHandler                          0x08008353   Thumb Code     0  startup_stm32f10x_hd.o(.text)
    TIM4_IRQHandler                          0x08008353   Thumb Code     0  startup_stm32f10x_hd.o(.text)
    TIM5_IRQHandler                          0x08008353   Thumb Code     0  startup_stm32f10x_hd.o(.text)
    TIM6_IRQHandler                          0x08008353   Thumb Code     0  startup_stm32f10x_hd.o(.text)
    TIM7_IRQHandler                          0x08008353   Thumb Code     0  startup_stm32f10x_hd.o(.text)
    TIM8_BRK_IRQHandler                      0x08008353   Thumb Code     0  startup_stm32f10x_hd.o(.text)
    TIM8_CC_IRQHandler                       0x08008353   Thumb Code     0  startup_stm32f10x_hd.o(.text)
    TIM8_TRG_COM_IRQHandler                  0x08008353   Thumb Code     0  startup_stm32f10x_hd.o(.text)
    TIM8_UP_IRQHandler                       0x08008353   Thumb Code     0  startup_stm32f10x_hd.o(.text)
    UART4_IRQHandler                         0x08008353   Thumb Code     0  startup_stm32f10x_hd.o(.text)
    UART5_IRQHandler                         0x08008353   Thumb Code     0  startup_stm32f10x_hd.o(.text)
    USART2_IRQHandler                        0x08008353   Thumb Code     0  startup_stm32f10x_hd.o(.text)
    USART3_IRQHandler                        0x08008353   Thumb Code     0  startup_stm32f10x_hd.o(.text)
    USBWakeUp_IRQHandler                     0x08008353   Thumb Code     0  startup_stm32f10x_hd.o(.text)
    USB_HP_CAN1_TX_IRQHandler                0x08008353   Thumb Code     0  startup_stm32f10x_hd.o(.text)
    USB_LP_CAN1_RX0_IRQHandler               0x08008353   Thumb Code     0  startup_stm32f10x_hd.o(.text)
    WWDG_IRQHandler                          0x08008353   Thumb Code     0  startup_stm32f10x_hd.o(.text)
    __user_initial_stackheap                 0x08008355   Thumb Code     0  startup_stm32f10x_hd.o(.text)
    NVIC_PriorityGroupConfig                 0x08008379   Thumb Code    10  misc.o(.text)
    NVIC_Init                                0x08008383   Thumb Code   100  misc.o(.text)
    NVIC_SetVectorTable                      0x080083e7   Thumb Code    14  misc.o(.text)
    NVIC_SystemLPConfig                      0x080083f5   Thumb Code    34  misc.o(.text)
    SysTick_CLKSourceConfig                  0x08008417   Thumb Code    40  misc.o(.text)
    FLASH_SetLatency                         0x08008455   Thumb Code    18  stm32f10x_flash.o(.text)
    FLASH_HalfCycleAccessCmd                 0x08008467   Thumb Code    22  stm32f10x_flash.o(.text)
    FLASH_PrefetchBufferCmd                  0x0800847d   Thumb Code    22  stm32f10x_flash.o(.text)
    FLASH_Unlock                             0x08008493   Thumb Code    12  stm32f10x_flash.o(.text)
    FLASH_UnlockBank1                        0x0800849f   Thumb Code    12  stm32f10x_flash.o(.text)
    FLASH_Lock                               0x080084ab   Thumb Code    14  stm32f10x_flash.o(.text)
    FLASH_LockBank1                          0x080084b9   Thumb Code    14  stm32f10x_flash.o(.text)
    FLASH_GetBank1Status                     0x080084c7   Thumb Code    48  stm32f10x_flash.o(.text)
    FLASH_WaitForLastOperation               0x080084f7   Thumb Code    38  stm32f10x_flash.o(.text)
    FLASH_ErasePage                          0x0800851d   Thumb Code    72  stm32f10x_flash.o(.text)
    FLASH_EraseAllPages                      0x08008565   Thumb Code    68  stm32f10x_flash.o(.text)
    FLASH_WaitForLastBank1Operation          0x080085a9   Thumb Code    38  stm32f10x_flash.o(.text)
    FLASH_EraseAllBank1Pages                 0x080085cf   Thumb Code    68  stm32f10x_flash.o(.text)
    FLASH_GetReadOutProtectionStatus         0x08008613   Thumb Code    20  stm32f10x_flash.o(.text)
    FLASH_EraseOptionBytes                   0x08008627   Thumb Code   150  stm32f10x_flash.o(.text)
    FLASH_ProgramWord                        0x080086bd   Thumb Code   102  stm32f10x_flash.o(.text)
    FLASH_ProgramHalfWord                    0x08008723   Thumb Code    60  stm32f10x_flash.o(.text)
    FLASH_ProgramOptionByteData              0x0800875f   Thumb Code    72  stm32f10x_flash.o(.text)
    FLASH_EnableWriteProtection              0x080087a7   Thumb Code   200  stm32f10x_flash.o(.text)
    FLASH_ReadOutProtection                  0x0800886f   Thumb Code   156  stm32f10x_flash.o(.text)
    FLASH_UserOptionByteConfig               0x0800890b   Thumb Code    88  stm32f10x_flash.o(.text)
    FLASH_GetUserOptionByte                  0x08008963   Thumb Code     8  stm32f10x_flash.o(.text)
    FLASH_GetWriteProtectionOptionByte       0x0800896b   Thumb Code     6  stm32f10x_flash.o(.text)
    FLASH_GetPrefetchBufferStatus            0x08008971   Thumb Code    20  stm32f10x_flash.o(.text)
    FLASH_ITConfig                           0x08008985   Thumb Code    26  stm32f10x_flash.o(.text)
    FLASH_GetFlagStatus                      0x0800899f   Thumb Code    42  stm32f10x_flash.o(.text)
    FLASH_ClearFlag                          0x080089c9   Thumb Code     6  stm32f10x_flash.o(.text)
    FLASH_GetStatus                          0x080089cf   Thumb Code    48  stm32f10x_flash.o(.text)
    FSMC_NORSRAMDeInit                       0x08008a11   Thumb Code    54  stm32f10x_fsmc.o(.text)
    FSMC_NANDDeInit                          0x08008a47   Thumb Code    62  stm32f10x_fsmc.o(.text)
    FSMC_PCCARDDeInit                        0x08008a85   Thumb Code    36  stm32f10x_fsmc.o(.text)
    FSMC_NORSRAMInit                         0x08008aa9   Thumb Code   230  stm32f10x_fsmc.o(.text)
    FSMC_NANDInit                            0x08008b8f   Thumb Code   132  stm32f10x_fsmc.o(.text)
    FSMC_PCCARDInit                          0x08008c13   Thumb Code   130  stm32f10x_fsmc.o(.text)
    FSMC_NORSRAMStructInit                   0x08008c95   Thumb Code   114  stm32f10x_fsmc.o(.text)
    FSMC_NANDStructInit                      0x08008d07   Thumb Code    54  stm32f10x_fsmc.o(.text)
    FSMC_PCCARDStructInit                    0x08008d3d   Thumb Code    60  stm32f10x_fsmc.o(.text)
    FSMC_NORSRAMCmd                          0x08008d79   Thumb Code    46  stm32f10x_fsmc.o(.text)
    FSMC_NANDCmd                             0x08008da7   Thumb Code    86  stm32f10x_fsmc.o(.text)
    FSMC_PCCARDCmd                           0x08008dfd   Thumb Code    44  stm32f10x_fsmc.o(.text)
    FSMC_NANDECCCmd                          0x08008e29   Thumb Code    90  stm32f10x_fsmc.o(.text)
    FSMC_GetECC                              0x08008e83   Thumb Code    24  stm32f10x_fsmc.o(.text)
    FSMC_ITConfig                            0x08008e9b   Thumb Code   128  stm32f10x_fsmc.o(.text)
    FSMC_GetFlagStatus                       0x08008f1b   Thumb Code    54  stm32f10x_fsmc.o(.text)
    FSMC_ClearFlag                           0x08008f51   Thumb Code    62  stm32f10x_fsmc.o(.text)
    FSMC_GetITStatus                         0x08008f8f   Thumb Code    64  stm32f10x_fsmc.o(.text)
    FSMC_ClearITPendingBit                   0x08008fcf   Thumb Code    68  stm32f10x_fsmc.o(.text)
    GPIO_DeInit                              0x0800901d   Thumb Code   172  stm32f10x_gpio.o(.text)
    GPIO_AFIODeInit                          0x080090c9   Thumb Code    20  stm32f10x_gpio.o(.text)
    GPIO_Init                                0x080090dd   Thumb Code   278  stm32f10x_gpio.o(.text)
    GPIO_StructInit                          0x080091f3   Thumb Code    16  stm32f10x_gpio.o(.text)
    GPIO_ReadInputDataBit                    0x08009203   Thumb Code    18  stm32f10x_gpio.o(.text)
    GPIO_ReadInputData                       0x08009215   Thumb Code     8  stm32f10x_gpio.o(.text)
    GPIO_ReadOutputDataBit                   0x0800921d   Thumb Code    18  stm32f10x_gpio.o(.text)
    GPIO_ReadOutputData                      0x0800922f   Thumb Code     8  stm32f10x_gpio.o(.text)
    GPIO_SetBits                             0x08009237   Thumb Code     4  stm32f10x_gpio.o(.text)
    GPIO_ResetBits                           0x0800923b   Thumb Code     4  stm32f10x_gpio.o(.text)
    GPIO_WriteBit                            0x0800923f   Thumb Code    10  stm32f10x_gpio.o(.text)
    GPIO_Write                               0x08009249   Thumb Code     4  stm32f10x_gpio.o(.text)
    GPIO_PinLockConfig                       0x0800924d   Thumb Code    18  stm32f10x_gpio.o(.text)
    GPIO_EventOutputConfig                   0x0800925f   Thumb Code    26  stm32f10x_gpio.o(.text)
    GPIO_EventOutputCmd                      0x08009279   Thumb Code     6  stm32f10x_gpio.o(.text)
    GPIO_PinRemapConfig                      0x0800927f   Thumb Code   138  stm32f10x_gpio.o(.text)
    GPIO_EXTILineConfig                      0x08009309   Thumb Code    66  stm32f10x_gpio.o(.text)
    GPIO_ETH_MediaInterfaceConfig            0x0800934b   Thumb Code     8  stm32f10x_gpio.o(.text)
    USART_DeInit                             0x08009379   Thumb Code   134  stm32f10x_usart.o(.text)
    USART_Init                               0x080093ff   Thumb Code   210  stm32f10x_usart.o(.text)
    USART_StructInit                         0x080094d1   Thumb Code    24  stm32f10x_usart.o(.text)
    USART_ClockInit                          0x080094e9   Thumb Code    34  stm32f10x_usart.o(.text)
    USART_ClockStructInit                    0x0800950b   Thumb Code    12  stm32f10x_usart.o(.text)
    USART_Cmd                                0x08009517   Thumb Code    24  stm32f10x_usart.o(.text)
    USART_ITConfig                           0x0800952f   Thumb Code    74  stm32f10x_usart.o(.text)
    USART_DMACmd                             0x08009579   Thumb Code    18  stm32f10x_usart.o(.text)
    USART_SetAddress                         0x0800958b   Thumb Code    18  stm32f10x_usart.o(.text)
    USART_WakeUpConfig                       0x0800959d   Thumb Code    18  stm32f10x_usart.o(.text)
    USART_ReceiverWakeUpCmd                  0x080095af   Thumb Code    24  stm32f10x_usart.o(.text)
    USART_LINBreakDetectLengthConfig         0x080095c7   Thumb Code    18  stm32f10x_usart.o(.text)
    USART_LINCmd                             0x080095d9   Thumb Code    24  stm32f10x_usart.o(.text)
    USART_SendData                           0x080095f1   Thumb Code     8  stm32f10x_usart.o(.text)
    USART_ReceiveData                        0x080095f9   Thumb Code    10  stm32f10x_usart.o(.text)
    USART_SendBreak                          0x08009603   Thumb Code    10  stm32f10x_usart.o(.text)
    USART_SetGuardTime                       0x0800960d   Thumb Code    16  stm32f10x_usart.o(.text)
    USART_SetPrescaler                       0x0800961d   Thumb Code    16  stm32f10x_usart.o(.text)
    USART_SmartCardCmd                       0x0800962d   Thumb Code    24  stm32f10x_usart.o(.text)
    USART_SmartCardNACKCmd                   0x08009645   Thumb Code    24  stm32f10x_usart.o(.text)
    USART_HalfDuplexCmd                      0x0800965d   Thumb Code    24  stm32f10x_usart.o(.text)
    USART_OverSampling8Cmd                   0x08009675   Thumb Code    22  stm32f10x_usart.o(.text)
    USART_OneBitMethodCmd                    0x0800968b   Thumb Code    24  stm32f10x_usart.o(.text)
    USART_IrDAConfig                         0x080096a3   Thumb Code    18  stm32f10x_usart.o(.text)
    USART_IrDACmd                            0x080096b5   Thumb Code    24  stm32f10x_usart.o(.text)
    USART_GetFlagStatus                      0x080096cd   Thumb Code    26  stm32f10x_usart.o(.text)
    USART_ClearFlag                          0x080096e7   Thumb Code    18  stm32f10x_usart.o(.text)
    USART_GetITStatus                        0x080096f9   Thumb Code    84  stm32f10x_usart.o(.text)
    USART_ClearITPendingBit                  0x0800974d   Thumb Code    52  stm32f10x_usart.o(.text)
    RCC_DeInit                               0x08009781   Thumb Code    64  stm32f10x_rcc.o(.text)
    RCC_HSEConfig                            0x080097c1   Thumb Code    70  stm32f10x_rcc.o(.text)
    RCC_GetFlagStatus                        0x08009807   Thumb Code    56  stm32f10x_rcc.o(.text)
    RCC_WaitForHSEStartUp                    0x0800983f   Thumb Code    56  stm32f10x_rcc.o(.text)
    RCC_AdjustHSICalibrationValue            0x08009877   Thumb Code    20  stm32f10x_rcc.o(.text)
    RCC_HSICmd                               0x0800988b   Thumb Code     6  stm32f10x_rcc.o(.text)
    RCC_PLLConfig                            0x08009891   Thumb Code    24  stm32f10x_rcc.o(.text)
    RCC_PLLCmd                               0x080098a9   Thumb Code     6  stm32f10x_rcc.o(.text)
    RCC_SYSCLKConfig                         0x080098af   Thumb Code    18  stm32f10x_rcc.o(.text)
    RCC_GetSYSCLKSource                      0x080098c1   Thumb Code    10  stm32f10x_rcc.o(.text)
    RCC_HCLKConfig                           0x080098cb   Thumb Code    18  stm32f10x_rcc.o(.text)
    RCC_PCLK1Config                          0x080098dd   Thumb Code    18  stm32f10x_rcc.o(.text)
    RCC_PCLK2Config                          0x080098ef   Thumb Code    20  stm32f10x_rcc.o(.text)
    RCC_ITConfig                             0x08009903   Thumb Code    26  stm32f10x_rcc.o(.text)
    RCC_USBCLKConfig                         0x0800991d   Thumb Code     8  stm32f10x_rcc.o(.text)
    RCC_ADCCLKConfig                         0x08009925   Thumb Code    18  stm32f10x_rcc.o(.text)
    RCC_LSEConfig                            0x08009937   Thumb Code    50  stm32f10x_rcc.o(.text)
    RCC_LSICmd                               0x08009969   Thumb Code     6  stm32f10x_rcc.o(.text)
    RCC_RTCCLKConfig                         0x0800996f   Thumb Code    12  stm32f10x_rcc.o(.text)
    RCC_RTCCLKCmd                            0x0800997b   Thumb Code     8  stm32f10x_rcc.o(.text)
    RCC_GetClocksFreq                        0x08009983   Thumb Code   192  stm32f10x_rcc.o(.text)
    RCC_AHBPeriphClockCmd                    0x08009a43   Thumb Code    26  stm32f10x_rcc.o(.text)
    RCC_APB2PeriphClockCmd                   0x08009a5d   Thumb Code    26  stm32f10x_rcc.o(.text)
    RCC_APB1PeriphClockCmd                   0x08009a77   Thumb Code    26  stm32f10x_rcc.o(.text)
    RCC_APB2PeriphResetCmd                   0x08009a91   Thumb Code    26  stm32f10x_rcc.o(.text)
    RCC_APB1PeriphResetCmd                   0x08009aab   Thumb Code    26  stm32f10x_rcc.o(.text)
    RCC_BackupResetCmd                       0x08009ac5   Thumb Code     8  stm32f10x_rcc.o(.text)
    RCC_ClockSecuritySystemCmd               0x08009acd   Thumb Code     6  stm32f10x_rcc.o(.text)
    RCC_MCOConfig                            0x08009ad3   Thumb Code     6  stm32f10x_rcc.o(.text)
    RCC_ClearFlag                            0x08009ad9   Thumb Code    14  stm32f10x_rcc.o(.text)
    RCC_GetITStatus                          0x08009ae7   Thumb Code    20  stm32f10x_rcc.o(.text)
    RCC_ClearITPendingBit                    0x08009afb   Thumb Code     6  stm32f10x_rcc.o(.text)
    ADC_DeInit                               0x08009b25   Thumb Code    78  stm32f10x_adc.o(.text)
    ADC_Init                                 0x08009b73   Thumb Code    70  stm32f10x_adc.o(.text)
    ADC_StructInit                           0x08009bb9   Thumb Code    18  stm32f10x_adc.o(.text)
    ADC_Cmd                                  0x08009bcb   Thumb Code    22  stm32f10x_adc.o(.text)
    ADC_DMACmd                               0x08009be1   Thumb Code    22  stm32f10x_adc.o(.text)
    ADC_ITConfig                             0x08009bf7   Thumb Code    24  stm32f10x_adc.o(.text)
    ADC_ResetCalibration                     0x08009c0f   Thumb Code    10  stm32f10x_adc.o(.text)
    ADC_GetResetCalibrationStatus            0x08009c19   Thumb Code    20  stm32f10x_adc.o(.text)
    ADC_StartCalibration                     0x08009c2d   Thumb Code    10  stm32f10x_adc.o(.text)
    ADC_GetCalibrationStatus                 0x08009c37   Thumb Code    20  stm32f10x_adc.o(.text)
    ADC_SoftwareStartConvCmd                 0x08009c4b   Thumb Code    22  stm32f10x_adc.o(.text)
    ADC_GetSoftwareStartConvStatus           0x08009c61   Thumb Code    20  stm32f10x_adc.o(.text)
    ADC_DiscModeChannelCountConfig           0x08009c75   Thumb Code    24  stm32f10x_adc.o(.text)
    ADC_DiscModeCmd                          0x08009c8d   Thumb Code    22  stm32f10x_adc.o(.text)
    ADC_RegularChannelConfig                 0x08009ca3   Thumb Code   184  stm32f10x_adc.o(.text)
    ADC_ExternalTrigConvCmd                  0x08009d5b   Thumb Code    22  stm32f10x_adc.o(.text)
    ADC_GetConversionValue                   0x08009d71   Thumb Code     8  stm32f10x_adc.o(.text)
    ADC_GetDualModeConversionValue           0x08009d79   Thumb Code     8  stm32f10x_adc.o(.text)
    ADC_AutoInjectedConvCmd                  0x08009d81   Thumb Code    22  stm32f10x_adc.o(.text)
    ADC_InjectedDiscModeCmd                  0x08009d97   Thumb Code    22  stm32f10x_adc.o(.text)
    ADC_ExternalTrigInjectedConvConfig       0x08009dad   Thumb Code    16  stm32f10x_adc.o(.text)
    ADC_ExternalTrigInjectedConvCmd          0x08009dbd   Thumb Code    22  stm32f10x_adc.o(.text)
    ADC_SoftwareStartInjectedConvCmd         0x08009dd3   Thumb Code    22  stm32f10x_adc.o(.text)
    ADC_GetSoftwareStartInjectedConvCmdStatus 0x08009de9   Thumb Code    20  stm32f10x_adc.o(.text)
    ADC_InjectedChannelConfig                0x08009dfd   Thumb Code   130  stm32f10x_adc.o(.text)
    ADC_InjectedSequencerLengthConfig        0x08009e7f   Thumb Code    24  stm32f10x_adc.o(.text)
    ADC_SetInjectedOffset                    0x08009e97   Thumb Code    20  stm32f10x_adc.o(.text)
    ADC_GetInjectedConversionValue           0x08009eab   Thumb Code    28  stm32f10x_adc.o(.text)
    ADC_AnalogWatchdogCmd                    0x08009ec7   Thumb Code    16  stm32f10x_adc.o(.text)
    ADC_AnalogWatchdogThresholdsConfig       0x08009ed7   Thumb Code     6  stm32f10x_adc.o(.text)
    ADC_AnalogWatchdogSingleChannelConfig    0x08009edd   Thumb Code    16  stm32f10x_adc.o(.text)
    ADC_TempSensorVrefintCmd                 0x08009eed   Thumb Code    64  stm32f10x_adc.o(.text)
    ADC_GetFlagStatus                        0x08009f2d   Thumb Code    18  stm32f10x_adc.o(.text)
    ADC_ClearFlag                            0x08009f3f   Thumb Code     6  stm32f10x_adc.o(.text)
    ADC_GetITStatus                          0x08009f45   Thumb Code    36  stm32f10x_adc.o(.text)
    ADC_ClearITPendingBit                    0x08009f69   Thumb Code    10  stm32f10x_adc.o(.text)
    SPI_I2S_DeInit                           0x08009f75   Thumb Code    76  stm32f10x_spi.o(.text)
    SPI_Init                                 0x08009fc1   Thumb Code    60  stm32f10x_spi.o(.text)
    I2S_Init                                 0x08009ffd   Thumb Code   226  stm32f10x_spi.o(.text)
    SPI_StructInit                           0x0800a0df   Thumb Code    24  stm32f10x_spi.o(.text)
    I2S_StructInit                           0x0800a0f7   Thumb Code    20  stm32f10x_spi.o(.text)
    SPI_Cmd                                  0x0800a10b   Thumb Code    24  stm32f10x_spi.o(.text)
    I2S_Cmd                                  0x0800a123   Thumb Code    24  stm32f10x_spi.o(.text)
    SPI_I2S_ITConfig                         0x0800a13b   Thumb Code    32  stm32f10x_spi.o(.text)
    SPI_I2S_DMACmd                           0x0800a15b   Thumb Code    18  stm32f10x_spi.o(.text)
    SPI_I2S_SendData                         0x0800a16d   Thumb Code     4  stm32f10x_spi.o(.text)
    SPI_I2S_ReceiveData                      0x0800a171   Thumb Code     6  stm32f10x_spi.o(.text)
    SPI_NSSInternalSoftwareConfig            0x0800a177   Thumb Code    30  stm32f10x_spi.o(.text)
    SPI_SSOutputCmd                          0x0800a195   Thumb Code    24  stm32f10x_spi.o(.text)
    SPI_DataSizeConfig                       0x0800a1ad   Thumb Code    18  stm32f10x_spi.o(.text)
    SPI_TransmitCRC                          0x0800a1bf   Thumb Code    10  stm32f10x_spi.o(.text)
    SPI_CalculateCRC                         0x0800a1c9   Thumb Code    24  stm32f10x_spi.o(.text)
    SPI_GetCRC                               0x0800a1e1   Thumb Code    16  stm32f10x_spi.o(.text)
    SPI_GetCRCPolynomial                     0x0800a1f1   Thumb Code     6  stm32f10x_spi.o(.text)
    SPI_BiDirectionalLineConfig              0x0800a1f7   Thumb Code    28  stm32f10x_spi.o(.text)
    SPI_I2S_GetFlagStatus                    0x0800a213   Thumb Code    18  stm32f10x_spi.o(.text)
    SPI_I2S_ClearFlag                        0x0800a225   Thumb Code     6  stm32f10x_spi.o(.text)
    SPI_I2S_GetITStatus                      0x0800a22b   Thumb Code    52  stm32f10x_spi.o(.text)
    SPI_I2S_ClearITPendingBit                0x0800a25f   Thumb Code    20  stm32f10x_spi.o(.text)
    DAC_DeInit                               0x0800a281   Thumb Code    22  stm32f10x_dac.o(.text)
    DAC_Init                                 0x0800a297   Thumb Code    46  stm32f10x_dac.o(.text)
    DAC_StructInit                           0x0800a2c5   Thumb Code    12  stm32f10x_dac.o(.text)
    DAC_Cmd                                  0x0800a2d1   Thumb Code    34  stm32f10x_dac.o(.text)
    DAC_DMACmd                               0x0800a2f3   Thumb Code    38  stm32f10x_dac.o(.text)
    DAC_SoftwareTriggerCmd                   0x0800a319   Thumb Code    48  stm32f10x_dac.o(.text)
    DAC_DualSoftwareTriggerCmd               0x0800a349   Thumb Code    38  stm32f10x_dac.o(.text)
    DAC_WaveGenerationCmd                    0x0800a36f   Thumb Code    36  stm32f10x_dac.o(.text)
    DAC_SetChannel1Data                      0x0800a393   Thumb Code    26  stm32f10x_dac.o(.text)
    DAC_SetChannel2Data                      0x0800a3ad   Thumb Code    26  stm32f10x_dac.o(.text)
    DAC_SetDualChannelData                   0x0800a3c7   Thumb Code    32  stm32f10x_dac.o(.text)
    DAC_GetDataOutputValue                   0x0800a3e7   Thumb Code    32  stm32f10x_dac.o(.text)
    __use_no_semihosting                     0x0800a40d   Thumb Code     2  use_no_semi_2.o(.text)
    __2printf                                0x0800a411   Thumb Code    20  noretval__2printf.o(.text)
    __printf                                 0x0800a429   Thumb Code   104  __printf.o(.text)
    _printf_int_hex                          0x0800a491   Thumb Code    84  _printf_hex_int.o(.text)
    _printf_longlong_hex                     0x0800a491   Thumb Code     0  _printf_hex_int.o(.text)
    strlen                                   0x0800a4e9   Thumb Code    62  strlen.o(.text)
    __use_two_region_memory                  0x0800a527   Thumb Code     2  heapauxi.o(.text)
    __rt_heap_escrow$2region                 0x0800a529   Thumb Code     2  heapauxi.o(.text)
    __rt_heap_expand$2region                 0x0800a52b   Thumb Code     2  heapauxi.o(.text)
    __I$use$semihosting                      0x0800a52d   Thumb Code     0  use_no_semi.o(.text)
    __use_no_semihosting_swi                 0x0800a52d   Thumb Code     2  use_no_semi.o(.text)
    __read_errno                             0x0800a52f   Thumb Code    10  _rserrno.o(.text)
    __set_errno                              0x0800a539   Thumb Code    12  _rserrno.o(.text)
    _printf_int_common                       0x0800a545   Thumb Code   178  _printf_intcommon.o(.text)
    _printf_char_file                        0x0800a5f9   Thumb Code    32  _printf_char_file.o(.text)
    __aeabi_errno_addr                       0x0800a61d   Thumb Code     8  rt_errno_addr_intlibspace.o(.text)
    __errno$intlibspace                      0x0800a61d   Thumb Code     0  rt_errno_addr_intlibspace.o(.text)
    __rt_errno_addr$intlibspace              0x0800a61d   Thumb Code     0  rt_errno_addr_intlibspace.o(.text)
    _printf_char_common                      0x0800a62f   Thumb Code    32  _printf_char_common.o(.text)
    ferror                                   0x0800a655   Thumb Code     8  ferror.o(.text)
    __user_libspace                          0x0800a65d   Thumb Code     8  libspace.o(.text)
    __user_perproc_libspace                  0x0800a65d   Thumb Code     0  libspace.o(.text)
    __user_perthread_libspace                0x0800a65d   Thumb Code     0  libspace.o(.text)
    __user_setup_stackheap                   0x0800a665   Thumb Code    74  sys_stackheap_outer.o(.text)
    exit                                     0x0800a6af   Thumb Code    12  exit.o(.text)
    sqrt                                     0x0800a6bb   Thumb Code    76  sqrt.o(i.sqrt)
    __aeabi_d2f                              0x0800a709   Thumb Code     0  d2f.o(x$fpl$d2f)
    _d2f                                     0x0800a709   Thumb Code    98  d2f.o(x$fpl$d2f)
    __fpl_dcmp_Inf                           0x0800a76b   Thumb Code    24  dcmpi.o(x$fpl$dcmpinf)
    __aeabi_ddiv                             0x0800a785   Thumb Code     0  ddiv.o(x$fpl$ddiv)
    _ddiv                                    0x0800a785   Thumb Code   552  ddiv.o(x$fpl$ddiv)
    __aeabi_d2uiz                            0x0800aa35   Thumb Code     0  dfixu.o(x$fpl$dfixu)
    _dfixu                                   0x0800aa35   Thumb Code    90  dfixu.o(x$fpl$dfixu)
    __aeabi_ui2d                             0x0800aa8f   Thumb Code     0  dflt_clz.o(x$fpl$dfltu)
    _dfltu                                   0x0800aa8f   Thumb Code    38  dflt_clz.o(x$fpl$dfltu)
    __aeabi_cdcmple                          0x0800aab5   Thumb Code     0  dleqf.o(x$fpl$dleqf)
    _dcmple                                  0x0800aab5   Thumb Code   120  dleqf.o(x$fpl$dleqf)
    __fpl_dcmple_InfNaN                      0x0800ab17   Thumb Code     0  dleqf.o(x$fpl$dleqf)
    __aeabi_dmul                             0x0800ab2d   Thumb Code     0  dmul.o(x$fpl$dmul)
    _dmul                                    0x0800ab2d   Thumb Code   332  dmul.o(x$fpl$dmul)
    __fpl_dnaninf                            0x0800ac81   Thumb Code   156  dnaninf.o(x$fpl$dnaninf)
    __fpl_dretinf                            0x0800ad1d   Thumb Code    12  dretinf.o(x$fpl$dretinf)
    __aeabi_cdrcmple                         0x0800ad29   Thumb Code     0  drleqf.o(x$fpl$drleqf)
    _drcmple                                 0x0800ad29   Thumb Code   108  drleqf.o(x$fpl$drleqf)
    _dsqrt                                   0x0800ad95   Thumb Code   456  dsqrt_noumaal.o(x$fpl$dsqrt)
    __aeabi_f2d                              0x0800af61   Thumb Code     0  f2d.o(x$fpl$f2d)
    _f2d                                     0x0800af61   Thumb Code    86  f2d.o(x$fpl$f2d)
    __aeabi_fadd                             0x0800afb9   Thumb Code     0  faddsub_clz.o(x$fpl$fadd)
    _fadd                                    0x0800afb9   Thumb Code   196  faddsub_clz.o(x$fpl$fadd)
    __aeabi_fdiv                             0x0800b07d   Thumb Code     0  fdiv.o(x$fpl$fdiv)
    _fdiv                                    0x0800b07d   Thumb Code   384  fdiv.o(x$fpl$fdiv)
    __aeabi_f2iz                             0x0800b201   Thumb Code     0  ffix.o(x$fpl$ffix)
    _ffix                                    0x0800b201   Thumb Code    54  ffix.o(x$fpl$ffix)
    __aeabi_f2uiz                            0x0800b239   Thumb Code     0  ffixu.o(x$fpl$ffixu)
    _ffixu                                   0x0800b239   Thumb Code    62  ffixu.o(x$fpl$ffixu)
    __aeabi_i2f                              0x0800b279   Thumb Code     0  fflt_clz.o(x$fpl$fflt)
    _fflt                                    0x0800b279   Thumb Code    48  fflt_clz.o(x$fpl$fflt)
    __aeabi_ui2f                             0x0800b2a9   Thumb Code     0  fflt_clz.o(x$fpl$ffltu)
    _ffltu                                   0x0800b2a9   Thumb Code    38  fflt_clz.o(x$fpl$ffltu)
    __aeabi_fmul                             0x0800b2d1   Thumb Code     0  fmul.o(x$fpl$fmul)
    _fmul                                    0x0800b2d1   Thumb Code   258  fmul.o(x$fpl$fmul)
    __fpl_fnaninf                            0x0800b3d3   Thumb Code   140  fnaninf.o(x$fpl$fnaninf)
    __fpl_fretinf                            0x0800b45f   Thumb Code    10  fretinf.o(x$fpl$fretinf)
    __aeabi_fsub                             0x0800b469   Thumb Code     0  faddsub_clz.o(x$fpl$fsub)
    _fsub                                    0x0800b469   Thumb Code   234  faddsub_clz.o(x$fpl$fsub)
    __I$use$fp                               0x0800b552   Number         0  usenofp.o(x$fpl$usenofp)
    asc2_1206                                0x0800b552   Data        1140  lcd.o(.constdata)
    asc2_1608                                0x0800b9c6   Data        1520  lcd.o(.constdata)
    asc2_2412                                0x0800bfb6   Data        3420  lcd.o(.constdata)
    TP_REMIND_MSG_TBL                        0x0800cd14   Data           4  touch.o(.constdata)
    Region$$Table$$Base                      0x0800cdbc   Number         0  anon$$obj.o(Region$$Table)
    Region$$Table$$Limit                     0x0800cddc   Number         0  anon$$obj.o(Region$$Table)
    SystemCoreClock                          0x20000000   Data           4  system_stm32f10x.o(.data)
    AHBPrescTable                            0x20000004   Data          16  system_stm32f10x.o(.data)
    POINT_COLOR                              0x20000014   Data           2  lcd.o(.data)
    BACK_COLOR                               0x20000016   Data           2  lcd.o(.data)
    W25QXX_TYPE                              0x20000018   Data           2  w25qxx.o(.data)
    tp_dev                                   0x2000001c   Data          52  touch.o(.data)
    CMD_RDX                                  0x20000050   Data           1  touch.o(.data)
    CMD_RDY                                  0x20000051   Data           1  touch.o(.data)
    __stdout                                 0x20000058   Data           4  usart.o(.data)
    USART_RX_STA                             0x2000005c   Data           2  usart.o(.data)
    TEXT_Buffer                              0x20000074   Data        4000  main.o(.bss)
    Draw_point                               0x20001014   Data         640  main.o(.bss)
    TEXT_Buffer1                             0x20001294   Data        2000  main.o(.bss)
    TEXT_Buffer2                             0x20001a64   Data        2000  main.o(.bss)
    lcddev                                   0x20002234   Data          14  lcd.o(.bss)
    STMFLASH_BUF                             0x20002242   Data        2048  stmflash.o(.bss)
    W25QXX_BUFFER                            0x20002a42   Data        4096  w25qxx.o(.bss)
    ftinfo                                   0x20003a42   Data          33  text.o(.bss)
    USART_RX_BUF                             0x20003a63   Data         200  usart.o(.bss)
    __libspace_start                         0x20003b2c   Data          96  libspace.o(.bss)
    __temporary_stack_top$libspace           0x20003b8c   Data           0  libspace.o(.bss)



==============================================================================

Memory Map of the image

  Image Entry point : 0x08000131

  Load Region LR_IROM1 (Base: 0x08000000, Size: 0x0000ce50, Max: 0x00080000, ABSOLUTE)

    Execution Region ER_IROM1 (Base: 0x08000000, Size: 0x0000cddc, Max: 0x00080000, ABSOLUTE)

    Base Addr    Size         Type   Attr      Idx    E Section Name        Object

    0x08000000   0x00000130   Data   RO          610    RESET               startup_stm32f10x_hd.o
    0x08000130   0x00000008   Code   RO          782  * !!!main             c_w.l(__main.o)
    0x08000138   0x00000034   Code   RO         1027    !!!scatter          c_w.l(__scatter.o)
    0x0800016c   0x0000001a   Code   RO         1029    !!handler_copy      c_w.l(__scatter_copy.o)
    0x08000186   0x00000002   PAD
    0x08000188   0x0000001c   Code   RO         1031    !!handler_zi        c_w.l(__scatter_zi.o)
    0x080001a4   0x00000000   Code   RO          777    .ARM.Collect$$_printf_percent$$00000000  c_w.l(_printf_percent.o)
    0x080001a4   0x00000006   Code   RO          776    .ARM.Collect$$_printf_percent$$0000000C  c_w.l(_printf_x.o)
    0x080001aa   0x00000004   Code   RO          851    .ARM.Collect$$_printf_percent$$00000017  c_w.l(_printf_percent_end.o)
    0x080001ae   0x00000002   Code   RO          905    .ARM.Collect$$libinit$$00000000  c_w.l(libinit.o)
    0x080001b0   0x00000000   Code   RO          909    .ARM.Collect$$libinit$$00000002  c_w.l(libinit2.o)
    0x080001b0   0x00000000   Code   RO          911    .ARM.Collect$$libinit$$00000004  c_w.l(libinit2.o)
    0x080001b0   0x00000000   Code   RO          914    .ARM.Collect$$libinit$$0000000A  c_w.l(libinit2.o)
    0x080001b0   0x00000000   Code   RO          916    .ARM.Collect$$libinit$$0000000C  c_w.l(libinit2.o)
    0x080001b0   0x00000000   Code   RO          918    .ARM.Collect$$libinit$$0000000E  c_w.l(libinit2.o)
    0x080001b0   0x00000000   Code   RO          921    .ARM.Collect$$libinit$$00000011  c_w.l(libinit2.o)
    0x080001b0   0x00000000   Code   RO          923    .ARM.Collect$$libinit$$00000013  c_w.l(libinit2.o)
    0x080001b0   0x00000000   Code   RO          925    .ARM.Collect$$libinit$$00000015  c_w.l(libinit2.o)
    0x080001b0   0x00000000   Code   RO          927    .ARM.Collect$$libinit$$00000017  c_w.l(libinit2.o)
    0x080001b0   0x00000000   Code   RO          929    .ARM.Collect$$libinit$$00000019  c_w.l(libinit2.o)
    0x080001b0   0x00000000   Code   RO          931    .ARM.Collect$$libinit$$0000001B  c_w.l(libinit2.o)
    0x080001b0   0x00000000   Code   RO          933    .ARM.Collect$$libinit$$0000001D  c_w.l(libinit2.o)
    0x080001b0   0x00000000   Code   RO          935    .ARM.Collect$$libinit$$0000001F  c_w.l(libinit2.o)
    0x080001b0   0x00000000   Code   RO          937    .ARM.Collect$$libinit$$00000021  c_w.l(libinit2.o)
    0x080001b0   0x00000000   Code   RO          939    .ARM.Collect$$libinit$$00000023  c_w.l(libinit2.o)
    0x080001b0   0x00000000   Code   RO          941    .ARM.Collect$$libinit$$00000025  c_w.l(libinit2.o)
    0x080001b0   0x00000000   Code   RO          945    .ARM.Collect$$libinit$$0000002C  c_w.l(libinit2.o)
    0x080001b0   0x00000000   Code   RO          947    .ARM.Collect$$libinit$$0000002E  c_w.l(libinit2.o)
    0x080001b0   0x00000000   Code   RO          949    .ARM.Collect$$libinit$$00000030  c_w.l(libinit2.o)
    0x080001b0   0x00000000   Code   RO          951    .ARM.Collect$$libinit$$00000032  c_w.l(libinit2.o)
    0x080001b0   0x00000002   Code   RO          952    .ARM.Collect$$libinit$$00000033  c_w.l(libinit2.o)
    0x080001b2   0x00000002   Code   RO          970    .ARM.Collect$$libshutdown$$00000000  c_w.l(libshutdown.o)
    0x080001b4   0x00000000   Code   RO          981    .ARM.Collect$$libshutdown$$00000003  c_w.l(libshutdown2.o)
    0x080001b4   0x00000000   Code   RO          984    .ARM.Collect$$libshutdown$$00000006  c_w.l(libshutdown2.o)
    0x080001b4   0x00000000   Code   RO          987    .ARM.Collect$$libshutdown$$00000009  c_w.l(libshutdown2.o)
    0x080001b4   0x00000000   Code   RO          989    .ARM.Collect$$libshutdown$$0000000B  c_w.l(libshutdown2.o)
    0x080001b4   0x00000000   Code   RO          992    .ARM.Collect$$libshutdown$$0000000E  c_w.l(libshutdown2.o)
    0x080001b4   0x00000002   Code   RO          993    .ARM.Collect$$libshutdown$$0000000F  c_w.l(libshutdown2.o)
    0x080001b6   0x00000000   Code   RO          844    .ARM.Collect$$rtentry$$00000000  c_w.l(__rtentry.o)
    0x080001b6   0x00000000   Code   RO          866    .ARM.Collect$$rtentry$$00000002  c_w.l(__rtentry2.o)
    0x080001b6   0x00000006   Code   RO          878    .ARM.Collect$$rtentry$$00000004  c_w.l(__rtentry4.o)
    0x080001bc   0x00000000   Code   RO          868    .ARM.Collect$$rtentry$$00000009  c_w.l(__rtentry2.o)
    0x080001bc   0x00000004   Code   RO          869    .ARM.Collect$$rtentry$$0000000A  c_w.l(__rtentry2.o)
    0x080001c0   0x00000000   Code   RO          871    .ARM.Collect$$rtentry$$0000000C  c_w.l(__rtentry2.o)
    0x080001c0   0x00000008   Code   RO          872    .ARM.Collect$$rtentry$$0000000D  c_w.l(__rtentry2.o)
    0x080001c8   0x00000002   Code   RO          906    .ARM.Collect$$rtexit$$00000000  c_w.l(rtexit.o)
    0x080001ca   0x00000000   Code   RO          954    .ARM.Collect$$rtexit$$00000002  c_w.l(rtexit2.o)
    0x080001ca   0x00000004   Code   RO          955    .ARM.Collect$$rtexit$$00000003  c_w.l(rtexit2.o)
    0x080001ce   0x00000006   Code   RO          956    .ARM.Collect$$rtexit$$00000004  c_w.l(rtexit2.o)
    0x080001d4   0x000003a0   Code   RO            1    .text               main.o
    0x08000574   0x0000001a   Code   RO          188    .text               stm32f10x_it.o
    0x0800058e   0x00000002   PAD
    0x08000590   0x000001e0   Code   RO          229    .text               system_stm32f10x.o
    0x08000770   0x0000004c   Code   RO          247    .text               led.o
    0x080007bc   0x00004a56   Code   RO          272    .text               lcd.o
    0x08005212   0x00000002   PAD
    0x08005214   0x00000144   Code   RO          295    .text               stmflash.o
    0x08005358   0x000000e8   Code   RO          314    .text               adc.o
    0x08005440   0x00000108   Code   RO          338    .text               spi.o
    0x08005548   0x000003ac   Code   RO          353    .text               w25qxx.o
    0x080058f4   0x000002d4   Code   RO          372    .text               text.o
    0x08005bc8   0x00000158   Code   RO          394    .text               dac.o
    0x08005d20   0x0000026c   Code   RO          406    .text               myiic.o
    0x08005f8c   0x000002cc   Code   RO          418    .text               show.o
    0x08006258   0x0000045e   Code   RO          430    .text               touchkey.o
    0x080066b6   0x0000004a   Code   RO          442    .text               drawpoint.o
    0x08006700   0x0000017a   Code   RO          454    .text               24cxx.o
    0x0800687a   0x00000002   PAD
    0x0800687c   0x000003c8   Code   RO          469    .text               gaoyakongzhi.o
    0x08006c44   0x00000f1c   Code   RO          481    .text               touch.o
    0x08007b60   0x00000260   Code   RO          505    .text               myiicg.o
    0x08007dc0   0x00000130   Code   RO          517    .text               set.o
    0x08007ef0   0x00000234   Code   RO          532    .text               showrtad.o
    0x08008124   0x000000d4   Code   RO          544    .text               delay.o
    0x080081f8   0x00000140   Code   RO          575    .text               usart.o
    0x08008338   0x00000040   Code   RO          611    .text               startup_stm32f10x_hd.o
    0x08008378   0x000000dc   Code   RO          615    .text               misc.o
    0x08008454   0x000005bc   Code   RO          627    .text               stm32f10x_flash.o
    0x08008a10   0x0000060c   Code   RO          639    .text               stm32f10x_fsmc.o
    0x0800901c   0x0000035c   Code   RO          651    .text               stm32f10x_gpio.o
    0x08009378   0x00000408   Code   RO          663    .text               stm32f10x_usart.o
    0x08009780   0x000003a4   Code   RO          675    .text               stm32f10x_rcc.o
    0x08009b24   0x0000044e   Code   RO          689    .text               stm32f10x_adc.o
    0x08009f72   0x00000002   PAD
    0x08009f74   0x0000030c   Code   RO          701    .text               stm32f10x_spi.o
    0x0800a280   0x0000018c   Code   RO          713    .text               stm32f10x_dac.o
    0x0800a40c   0x00000002   Code   RO          727    .text               c_w.l(use_no_semi_2.o)
    0x0800a40e   0x00000002   PAD
    0x0800a410   0x00000018   Code   RO          731    .text               c_w.l(noretval__2printf.o)
    0x0800a428   0x00000068   Code   RO          733    .text               c_w.l(__printf.o)
    0x0800a490   0x00000058   Code   RO          738    .text               c_w.l(_printf_hex_int.o)
    0x0800a4e8   0x0000003e   Code   RO          778    .text               c_w.l(strlen.o)
    0x0800a526   0x00000006   Code   RO          780    .text               c_w.l(heapauxi.o)
    0x0800a52c   0x00000002   Code   RO          842    .text               c_w.l(use_no_semi.o)
    0x0800a52e   0x00000016   Code   RO          845    .text               c_w.l(_rserrno.o)
    0x0800a544   0x000000b2   Code   RO          847    .text               c_w.l(_printf_intcommon.o)
    0x0800a5f6   0x00000002   PAD
    0x0800a5f8   0x00000024   Code   RO          849    .text               c_w.l(_printf_char_file.o)
    0x0800a61c   0x00000008   Code   RO          883    .text               c_w.l(rt_errno_addr_intlibspace.o)
    0x0800a624   0x00000030   Code   RO          885    .text               c_w.l(_printf_char_common.o)
    0x0800a654   0x00000008   Code   RO          887    .text               c_w.l(ferror.o)
    0x0800a65c   0x00000008   Code   RO          891    .text               c_w.l(libspace.o)
    0x0800a664   0x0000004a   Code   RO          894    .text               c_w.l(sys_stackheap_outer.o)
    0x0800a6ae   0x0000000c   Code   RO          898    .text               c_w.l(exit.o)
    0x0800a6ba   0x0000004c   Code   RO          835    i.sqrt              m_ws.l(sqrt.o)
    0x0800a706   0x00000002   PAD
    0x0800a708   0x00000062   Code   RO          784    x$fpl$d2f           fz_ws.l(d2f.o)
    0x0800a76a   0x00000018   Code   RO          852    x$fpl$dcmpinf       fz_ws.l(dcmpi.o)
    0x0800a782   0x00000002   PAD
    0x0800a784   0x000002b0   Code   RO          787    x$fpl$ddiv          fz_ws.l(ddiv.o)
    0x0800aa34   0x0000005a   Code   RO          790    x$fpl$dfixu         fz_ws.l(dfixu.o)
    0x0800aa8e   0x00000026   Code   RO          794    x$fpl$dfltu         fz_ws.l(dflt_clz.o)
    0x0800aab4   0x00000078   Code   RO          800    x$fpl$dleqf         fz_ws.l(dleqf.o)
    0x0800ab2c   0x00000154   Code   RO          802    x$fpl$dmul          fz_ws.l(dmul.o)
    0x0800ac80   0x0000009c   Code   RO          854    x$fpl$dnaninf       fz_ws.l(dnaninf.o)
    0x0800ad1c   0x0000000c   Code   RO          856    x$fpl$dretinf       fz_ws.l(dretinf.o)
    0x0800ad28   0x0000006c   Code   RO          804    x$fpl$drleqf        fz_ws.l(drleqf.o)
    0x0800ad94   0x000001cc   Code   RO          858    x$fpl$dsqrt         fz_ws.l(dsqrt_noumaal.o)
    0x0800af60   0x00000056   Code   RO          806    x$fpl$f2d           fz_ws.l(f2d.o)
    0x0800afb6   0x00000002   PAD
    0x0800afb8   0x000000c4   Code   RO          808    x$fpl$fadd          fz_ws.l(faddsub_clz.o)
    0x0800b07c   0x00000184   Code   RO          815    x$fpl$fdiv          fz_ws.l(fdiv.o)
    0x0800b200   0x00000036   Code   RO          818    x$fpl$ffix          fz_ws.l(ffix.o)
    0x0800b236   0x00000002   PAD
    0x0800b238   0x0000003e   Code   RO          822    x$fpl$ffixu         fz_ws.l(ffixu.o)
    0x0800b276   0x00000002   PAD
    0x0800b278   0x00000030   Code   RO          827    x$fpl$fflt          fz_ws.l(fflt_clz.o)
    0x0800b2a8   0x00000026   Code   RO          826    x$fpl$ffltu         fz_ws.l(fflt_clz.o)
    0x0800b2ce   0x00000002   PAD
    0x0800b2d0   0x00000102   Code   RO          832    x$fpl$fmul          fz_ws.l(fmul.o)
    0x0800b3d2   0x0000008c   Code   RO          860    x$fpl$fnaninf       fz_ws.l(fnaninf.o)
    0x0800b45e   0x0000000a   Code   RO          862    x$fpl$fretinf       fz_ws.l(fretinf.o)
    0x0800b468   0x000000ea   Code   RO          810    x$fpl$fsub          fz_ws.l(faddsub_clz.o)
    0x0800b552   0x00000000   Code   RO          864    x$fpl$usenofp       fz_ws.l(usenofp.o)
    0x0800b552   0x000017c0   Data   RO          274    .constdata          lcd.o
    0x0800cd12   0x00000002   PAD
    0x0800cd14   0x00000004   Data   RO          482    .constdata          touch.o
    0x0800cd18   0x00000028   Data   RO          739    .constdata          c_w.l(_printf_hex_int.o)
    0x0800cd40   0x00000079   Data   RO          483    .conststring        touch.o
    0x0800cdb9   0x00000003   PAD
    0x0800cdbc   0x00000020   Data   RO         1025    Region$$Table       anon$$obj.o


    Execution Region RW_IRAM1 (Base: 0x20000000, Size: 0x00004190, Max: 0x00010000, ABSOLUTE)

    Base Addr    Size         Type   Attr      Idx    E Section Name        Object

    0x20000000   0x00000014   Data   RW          230    .data               system_stm32f10x.o
    0x20000014   0x00000004   Data   RW          275    .data               lcd.o
    0x20000018   0x00000002   Data   RW          355    .data               w25qxx.o
    0x2000001a   0x00000002   PAD
    0x2000001c   0x00000036   Data   RW          484    .data               touch.o
    0x20000052   0x00000004   Data   RW          545    .data               delay.o
    0x20000056   0x00000002   PAD
    0x20000058   0x00000006   Data   RW          577    .data               usart.o
    0x2000005e   0x00000014   Data   RW          676    .data               stm32f10x_rcc.o
    0x20000072   0x00000002   PAD
    0x20000074   0x000021c0   Zero   RW            2    .bss                main.o
    0x20002234   0x0000000e   Zero   RW          273    .bss                lcd.o
    0x20002242   0x00000800   Zero   RW          296    .bss                stmflash.o
    0x20002a42   0x00001000   Zero   RW          354    .bss                w25qxx.o
    0x20003a42   0x00000021   Zero   RW          373    .bss                text.o
    0x20003a63   0x000000c8   Zero   RW          576    .bss                usart.o
    0x20003b2b   0x00000001   PAD
    0x20003b2c   0x00000060   Zero   RW          892    .bss                c_w.l(libspace.o)
    0x20003b8c   0x00000004   PAD
    0x20003b90   0x00000200   Zero   RW          609    HEAP                startup_stm32f10x_hd.o
    0x20003d90   0x00000400   Zero   RW          608    STACK               startup_stm32f10x_hd.o


==============================================================================

Image component sizes


      Code (inc. data)   RO Data    RW Data    ZI Data      Debug   Object Name

       378          0          0          0          0       2594   24cxx.o
       232          8          0          0          0       1047   adc.o
       344         12          0          0          0        797   dac.o
       212         18          0          4          0        971   delay.o
        74          0          0          0          0        837   drawpoint.o
       968        122          0          0          0       1479   gaoyakongzhi.o
     19030        162       6080          4         14      21598   lcd.o
        76          8          0          0          0        471   led.o
       928        162          0          0       8640     269290   main.o
       220         22          0          0          0       1749   misc.o
       620         14          0          0          0       1836   myiic.o
       608         14          0          0          0       1844   myiicg.o
       304         74          0          0          0       1022   set.o
       716        186          0          0          0        544   show.o
       564         80          0          0          0        696   showrtad.o
       264         10          0          0          0       1073   spi.o
        64         26        304          0       1536        768   startup_stm32f10x_hd.o
      1102         26          0          0          0      10785   stm32f10x_adc.o
       396          6          0          0          0       3598   stm32f10x_dac.o
      1468         34          0          0          0       7982   stm32f10x_flash.o
      1548         18          0          0          0       5295   stm32f10x_fsmc.o
       860         38          0          0          0       5593   stm32f10x_gpio.o
        26          0          0          0          0       1154   stm32f10x_it.o
       932         36          0         20          0       8740   stm32f10x_rcc.o
       780         14          0          0          0       6478   stm32f10x_spi.o
      1032         22          0          0          0       8320   stm32f10x_usart.o
       324          8          0          0       2048       2534   stmflash.o
         0          0          0          0          0         32   sys.o
       480         38          0         20          0       1659   system_stm32f10x.o
       724         16          0          0         33       3880   text.o
      3868        212        125         54          0       6477   touch.o
      1118         60          0          0          0       1214   touchkey.o
       320         16          0          6        200       3074   usart.o
       940         34          0          2       4096       4547   w25qxx.o

    ----------------------------------------------------------------------
     41528       1496       6546        116      16568     389978   Object Totals
         0          0         32          0          0          0   (incl. Generated)
         8          0          5          6          1          0   (incl. Padding)

    ----------------------------------------------------------------------

      Code (inc. data)   RO Data    RW Data    ZI Data      Debug   Library Member Name

         8          0          0          0          0         68   __main.o
       104          0          0          0          0         84   __printf.o
         0          0          0          0          0          0   __rtentry.o
        12          0          0          0          0          0   __rtentry2.o
         6          0          0          0          0          0   __rtentry4.o
        52          8          0          0          0          0   __scatter.o
        26          0          0          0          0          0   __scatter_copy.o
        28          0          0          0          0          0   __scatter_zi.o
        48          6          0          0          0         96   _printf_char_common.o
        36          4          0          0          0         80   _printf_char_file.o
        88          4         40          0          0         88   _printf_hex_int.o
       178          0          0          0          0         88   _printf_intcommon.o
         0          0          0          0          0          0   _printf_percent.o
         4          0          0          0          0          0   _printf_percent_end.o
         6          0          0          0          0          0   _printf_x.o
        22          0          0          0          0        100   _rserrno.o
        12          0          0          0          0         72   exit.o
         8          0          0          0          0         68   ferror.o
         6          0          0          0          0        152   heapauxi.o
         2          0          0          0          0          0   libinit.o
         2          0          0          0          0          0   libinit2.o
         2          0          0          0          0          0   libshutdown.o
         2          0          0          0          0          0   libshutdown2.o
         8          4          0          0         96         68   libspace.o
        24          4          0          0          0         84   noretval__2printf.o
         8          4          0          0          0         68   rt_errno_addr_intlibspace.o
         2          0          0          0          0          0   rtexit.o
        10          0          0          0          0          0   rtexit2.o
        62          0          0          0          0         76   strlen.o
        74          0          0          0          0         80   sys_stackheap_outer.o
         2          0          0          0          0         68   use_no_semi.o
         2          0          0          0          0         68   use_no_semi_2.o
        98          4          0          0          0         92   d2f.o
        24          0          0          0          0         68   dcmpi.o
       688        140          0          0          0        208   ddiv.o
        90          4          0          0          0         92   dfixu.o
        38          0          0          0          0         68   dflt_clz.o
       120          4          0          0          0         92   dleqf.o
       340         12          0          0          0        104   dmul.o
       156          4          0          0          0         92   dnaninf.o
        12          0          0          0          0         68   dretinf.o
       108          0          0          0          0         80   drleqf.o
       460         56          0          0          0        120   dsqrt_noumaal.o
        86          4          0          0          0         84   f2d.o
       430          8          0          0          0        168   faddsub_clz.o
       388         76          0          0          0         96   fdiv.o
        54          4          0          0          0         84   ffix.o
        62          4          0          0          0         84   ffixu.o
        86          0          0          0          0        136   fflt_clz.o
       258          4          0          0          0         84   fmul.o
       140          4          0          0          0         84   fnaninf.o
        10          0          0          0          0         68   fretinf.o
         0          0          0          0          0          0   usenofp.o
        76          0          0          0          0         84   sqrt.o

    ----------------------------------------------------------------------
      4586        362         40          0        100       3464   Library Totals
        18          0          0          0          4          0   (incl. Padding)

    ----------------------------------------------------------------------

      Code (inc. data)   RO Data    RW Data    ZI Data      Debug   Library Name

       844         34         40          0         96       1408   c_w.l
      3648        328          0          0          0       1972   fz_ws.l
        76          0          0          0          0         84   m_ws.l

    ----------------------------------------------------------------------
      4586        362         40          0        100       3464   Library Totals

    ----------------------------------------------------------------------

==============================================================================


      Code (inc. data)   RO Data    RW Data    ZI Data      Debug   

     46114       1858       6586        116      16668     388914   Grand Totals
     46114       1858       6586        116      16668     388914   ELF Image Totals
     46114       1858       6586        116          0          0   ROM Totals

==============================================================================

    Total RO  Size (Code + RO Data)                52700 (  51.46kB)
    Total RW  Size (RW Data + ZI Data)             16784 (  16.39kB)
    Total ROM Size (Code + RO Data + RW Data)      52816 (  51.58kB)

==============================================================================

